###############################################################################
#
# IAR ELF Linker V7.80.3.12102/W32 for ARM                10/Apr/2017  13:45:15
# Copyright 2007-2016 IAR Systems AB.
#
#    Output file  =  
#        C:\Project\MotionBand\ble_sdk_2_02_01_18\examples\util\bim_extflash\cc2640\iar\FlashOnly_ST\Exe\bim_extflash.out
#    Map file     =  
#        C:\Project\MotionBand\ble_sdk_2_02_01_18\examples\util\bim_extflash\cc2640\iar\FlashOnly_ST\List\bim_extflash.map
#    Command line =  
#        C:\Project\MotionBand\ble_sdk_2_02_01_18\examples\util\bim_extflash\cc2640\iar\FlashOnly_ST\Obj\baseloaderentry_iar.o
#        C:\Project\MotionBand\ble_sdk_2_02_01_18\examples\util\bim_extflash\cc2640\iar\FlashOnly_ST\Obj\bim_main.o
#        C:\Project\MotionBand\ble_sdk_2_02_01_18\examples\util\bim_extflash\cc2640\iar\FlashOnly_ST\Obj\bls_bsp.o
#        C:\Project\MotionBand\ble_sdk_2_02_01_18\examples\util\bim_extflash\cc2640\iar\FlashOnly_ST\Obj\bsp_spi.o
#        C:\Project\MotionBand\ble_sdk_2_02_01_18\examples\util\bim_extflash\cc2640\iar\FlashOnly_ST\Obj\ccfg_app_ble.o
#        C:\Project\MotionBand\ble_sdk_2_02_01_18\examples\util\bim_extflash\cc2640\iar\FlashOnly_ST\Obj\ext_flash.o
#        C:\Project\MotionBand\ble_sdk_2_02_01_18\examples\util\bim_extflash\cc2640\iar\FlashOnly_ST\Obj\startup_iar.o
#        -o
#        C:\Project\MotionBand\ble_sdk_2_02_01_18\examples\util\bim_extflash\cc2640\iar\FlashOnly_ST\Exe\bim_extflash.out
#        --config_def RTOS_IN_ROM=1 --config_def KEEP_INTVECS=1 --map
#        C:\Project\MotionBand\ble_sdk_2_02_01_18\examples\util\bim_extflash\cc2640\iar\FlashOnly_ST\List\bim_extflash.map
#        --config
#        C:\Project\MotionBand\ble_sdk_2_02_01_18\examples\util\bim_extflash\cc2640\iar\..\..\..\..\..\src/common/cc26xx/iar/cc26xx_bim_extflash.icf
#        --keep __vector_table --semihosting
#        C:\ti\tirtos_cc13xx_cc26xx_2_20_01_08\products\cc26xxware_2_24_02_17393\driverlib\bin\iar\driverlib.lib
#        --entry __iar_program_start --inline --vfe
#
###############################################################################

*******************************************************************************
*** RUNTIME MODEL ATTRIBUTES
***

CppFlavor       = *
__SystemLibrary = DLib


*******************************************************************************
*** PLACEMENT SUMMARY
***

"A0":  place at 0x00000000 { ro section .intvec };
"A2":  place at end of [0x0001f000-0x0001ffff] { ro section .ccfg };
"A3":  place at end of [0x20000000-0x200036ff] { block CSTACK };
"A4":  place at 0x0001f000 { ro section LoaderEntry };
"P1":  place in [from 0x00000000 to 0x00000fff repeat 2 displacement 0x1f000] {
          ro };
"P2":  place in [from 0x20000000 to 0x200036ff] { rw };
do not initialize { section .noinit, section .stack };
 { ro section .intvec };
 { section .ccfg };
 { ro section LoaderEntry };

  Section      Kind        Address    Size  Object
  -------      ----        -------    ----  ------
"A0":                                 0xc8
  .intvec      const    0x00000000    0xc8  startup_iar.o [1]
                      - 0x000000c8    0xc8

"P1", part 1 of 2:                   0x8ee
  .text        ro code  0x000000c8   0x5f4  setup.o [4]
  .text        ro code  0x000006bc    0xcc  chipinfo.o [4]
  .text        ro code  0x00000788    0xd0  ddi.o [4]
  .text        ro code  0x00000858    0x64  osc.o [4]
  .text        ro code  0x000008bc    0x10  cpu.o [4]
  .text        ro code  0x000008cc    0x2c  flash.o [4]
  .text        ro code  0x000008f8    0x5c  bls_bsp.o [1]
  .text        ro code  0x00000954    0x1a  cmain.o [5]
  .text        ro code  0x0000096e     0x4  exit.o [3]
  .text        ro code  0x00000974     0xa  cexit.o [5]
  .text        ro code  0x00000980    0x14  exit.o [6]
  .text        ro code  0x00000994    0x16  startup_iar.o [1]
  .text        ro code  0x000009aa     0xc  cstartup_M.o [5]
                      - 0x000009b6   0x8ee

"A4":                                 0x18
  LoaderEntry  ro code  0x0001f000    0x18  baseloaderentry_iar.o [1]
                      - 0x0001f018    0x18

"P1", part 2 of 2:                   0x7c0
  .text        ro code  0x0001f018   0x3a4  bim_main.o [1]
  .text        ro code  0x0001f3bc    0x76  ABImemcpy_unaligned.o [5]
  .rodata      const    0x0001f432     0x1  ext_flash.o [1]
  .rodata      const    0x0001f433     0x1  ext_flash.o [1]
  .text        ro code  0x0001f434   0x1d4  ext_flash.o [1]
  .text        ro code  0x0001f608   0x1d0  bsp_spi.o [1]
                      - 0x0001f7d8   0x7c0

"A2":                                 0x58
  .ccfg        const    0x0001ffa8    0x58  ccfg_app_ble.o [1]
                      - 0x00020000    0x58

"P2":                               0x1010
  .noinit      uninit   0x20000000  0x1000  bim_main.o [1]
  .noinit      uninit   0x20001000    0x10  bim_main.o [1]
                      - 0x20001010  0x1010

"A3":                                0x400
  CSTACK                0x20003300   0x400  <Block>
    .stack     uninit   0x20003300     0x4  startup_iar.o [1]
    CSTACK     uninit   0x20003304   0x3fc  <Block tail>
                      - 0x20003700   0x400



*******************************************************************************
*** MODULE SUMMARY
***

    Module                 ro code  ro data  rw data
    ------                 -------  -------  -------
C:\Project\MotionBand\ble_sdk_2_02_01_18\examples\util\bim_extflash\cc2640\iar\FlashOnly_ST\Obj: [1]
    baseloaderentry_iar.o       24
    bim_main.o                 932             4 112
    bls_bsp.o                   92
    bsp_spi.o                  464
    ccfg_app_ble.o                       88
    ext_flash.o                468        2
    startup_iar.o               22      200        4
    ------------------------------------------------
    Total:                   2 002      290    4 116

command line: [2]
    ------------------------------------------------
    Total:

dl7M_tln.a: [3]
    exit.o                       4
    ------------------------------------------------
    Total:                       4

driverlib.lib: [4]
    chipinfo.o                 204
    cpu.o                       16
    ddi.o                      208
    flash.o                     44
    osc.o                      100
    setup.o                  1 524
    ------------------------------------------------
    Total:                   2 096

rt7M_tl.a: [5]
    ABImemcpy_unaligned.o      118
    cexit.o                     10
    cmain.o                     26
    cstartup_M.o                12
    ------------------------------------------------
    Total:                     166

shb_l.a: [6]
    exit.o                      20
    ------------------------------------------------
    Total:                      20

    Gaps                         4
    Linker created                             1 020
----------------------------------------------------
    Grand Total:             4 292      290    5 136


*******************************************************************************
*** ENTRY LIST
***

Entry                      Address    Size  Type      Object
-----                      -------    ----  ----      ------
?main                   0x00000955          Code  Gb  cmain.o [5]
AONIntHandler           0x000009a9     0x2  Code  Wk  startup_iar.o [1]
AONProgIntHandler       0x000009a9     0x2  Code  Wk  startup_iar.o [1]
AONRTCIntHandler        0x000009a9     0x2  Code  Wk  startup_iar.o [1]
AUXADCIntHandler        0x000009a9     0x2  Code  Wk  startup_iar.o [1]
AUXCombEventIntHandler  0x000009a9     0x2  Code  Wk  startup_iar.o [1]
AUXCompAIntHandler      0x000009a9     0x2  Code  Wk  startup_iar.o [1]
AUXSWEvent0IntHandler   0x000009a9     0x2  Code  Wk  startup_iar.o [1]
AUXSWEvent1IntHandler   0x000009a9     0x2  Code  Wk  startup_iar.o [1]
AuxAdiDdiSafeRead       0x000007c9    0x3a  Code  Lc  ddi.o [4]
AuxAdiDdiSafeWrite      0x00000789    0x40  Code  Lc  ddi.o [4]
BLS_close               0x0000090d     0x8  Code  Gb  bls_bsp.o [1]
BLS_init                0x000008f9    0x14  Code  Gb  bls_bsp.o [1]
BLS_read                0x00000915    0x20  Code  Gb  bls_bsp.o [1]
BLS_write               0x00000935    0x20  Code  Gb  bls_bsp.o [1]
BaseLoader_start        0x0001f001          Code  Gb  baseloaderentry_iar.o [1]
Bim_checkImages         0x0001f2df    0xb2  Code  Gb  bim_main.o [1]
Bim_copyImage           0x0001f099    0x9a  Code  Lc  bim_main.o [1]
Bim_extReadBuf          0x0001f071    0x14  Code  Lc  bim_main.o [1]
Bim_extWriteBuf         0x0001f085    0x14  Code  Lc  bim_main.o [1]
Bim_intErasePage        0x0001f035    0x20  Code  Lc  bim_main.o [1]
Bim_intWriteWord        0x0001f055    0x1c  Code  Lc  bim_main.o [1]
Bim_safeStart           0x0001f2a3    0x3c  Code  Gb  bim_main.o [1]
BusFaultIntHandler      0x000009a9     0x2  Code  Wk  startup_iar.o [1]
CSTACK$$Base            0x20003300           --   Gb  - Linker created -
CSTACK$$Limit           0x20003700           --   Gb  - Linker created -
CryptoIntHandler        0x000009a9     0x2  Code  Wk  startup_iar.o [1]
DebugMonIntHandler      0x000009a9     0x2  Code  Wk  startup_iar.o [1]
DynProgIntHandler       0x000009a9     0x2  Code  Wk  startup_iar.o [1]
FaultISR                0x000009a7     0x2  Code  Wk  startup_iar.o [1]
FaultISRHandler         0x000009a7     0x2  Code  Lc  startup_iar.o [1]
FlashIntHandler         0x000009a9     0x2  Code  Wk  startup_iar.o [1]
GPIOIntHandler          0x000009a9     0x2  Code  Wk  startup_iar.o [1]
GPIO_clearDio           0x0001f43f     0xa  Code  Lc  ext_flash.o [1]
GPIO_setDio             0x0001f435     0xa  Code  Lc  ext_flash.o [1]
I2CIntHandler           0x000009a9     0x2  Code  Wk  startup_iar.o [1]
I2SIntHandler           0x000009a9     0x2  Code  Wk  startup_iar.o [1]
IntDefaultHandler       0x000009a9     0x2  Code  Lc  startup_iar.o [1]
MPUFaultIntHandler      0x000009a9     0x2  Code  Wk  startup_iar.o [1]
NOROM_CPUcpsid          0x000008bd     0x8  Code  Gb  cpu.o [4]
NOROM_CPUcpsie          0x000008c5     0x8  Code  Gb  cpu.o [4]
NOROM_ChipInfo_GetChipFamily
                        0x000006bd    0x46  Code  Gb  chipinfo.o [4]
NOROM_ChipInfo_GetHwRevision
                        0x00000705    0x66  Code  Gb  chipinfo.o [4]
NOROM_DDI16BitfieldRead
                        0x00000839    0x20  Code  Gb  ddi.o [4]
NOROM_DDI16BitfieldWrite
                        0x00000813    0x1a  Code  Gb  ddi.o [4]
NOROM_DDI32RegWrite     0x00000809     0xa  Code  Gb  ddi.o [4]
NOROM_FlashProgram      0x000008d7     0xc  Code  Gb  flash.o [4]
NOROM_FlashSectorErase  0x000008cd     0xa  Code  Gb  flash.o [4]
NOROM_OSCClockSourceGet
                        0x0000089d    0x1a  Code  Gb  osc.o [4]
NOROM_OSCClockSourceSet
                        0x00000859    0x3c  Code  Gb  osc.o [4]
NOROM_SetupAfterColdResetWakeupFromShutDownCfg1
                        0x000001f5    0x68  Code  Gb  setup.o [4]
NOROM_SetupAfterColdResetWakeupFromShutDownCfg2
                        0x0000025d    0xdc  Code  Gb  setup.o [4]
NOROM_SetupAfterColdResetWakeupFromShutDownCfg3
                        0x0000033f   0x10a  Code  Gb  setup.o [4]
NOROM_SetupGetTrimForAdcShModeEn
                        0x0000050b    0x12  Code  Gb  setup.o [4]
NOROM_SetupGetTrimForAdcShVbufEn
                        0x0000051d    0x12  Code  Gb  setup.o [4]
NOROM_SetupGetTrimForAmpcompCtrl
                        0x000004b5    0x44  Code  Gb  setup.o [4]
NOROM_SetupGetTrimForAnabypassValue1
                        0x00000449    0x58  Code  Gb  setup.o [4]
NOROM_SetupGetTrimForDblrLoopFilterResetVoltage
                        0x000004f9    0x12  Code  Gb  setup.o [4]
NOROM_SetupGetTrimForRadcExtCfg
                        0x00000549    0x1a  Code  Gb  setup.o [4]
NOROM_SetupGetTrimForRcOscLfIBiasTrim
                        0x00000563    0x12  Code  Gb  setup.o [4]
NOROM_SetupGetTrimForRcOscLfRtuneCtuneTrim
                        0x000004a1    0x14  Code  Gb  setup.o [4]
NOROM_SetupGetTrimForXoscHfCtl
                        0x0000052f    0x1a  Code  Gb  setup.o [4]
NOROM_SetupGetTrimForXoscLfRegulatorAndCmirrwrRatio
                        0x00000575    0x12  Code  Gb  setup.o [4]
NOROM_SetupSetAonRtcSubSecInc
                        0x000005d1    0x1e  Code  Gb  setup.o [4]
NOROM_SetupSetCacheModeAccordingToCcfgSetting
                        0x0000058f    0x42  Code  Gb  setup.o [4]
NOROM_SetupSignExtendVddrTrimValue
                        0x00000587     0x8  Code  Gb  setup.o [4]
NOROM_SetupTrimDevice   0x000000c9    0x86  Code  Gb  setup.o [4]
NOROM_ThisCodeIsBuiltForCC26xxHwRev22AndLater_HaltIfViolated
                        0x00000775    0x14  Code  Gb  chipinfo.o [4]
NmiSR                   0x000009a5     0x2  Code  Wk  startup_iar.o [1]
NmiSRHandler            0x000009a5     0x2  Code  Lc  startup_iar.o [1]
PRCMLoadGet             0x0001f637     0xc  Code  Lc  bsp_spi.o [1]
PRCMLoadSet             0x0001f62f     0x8  Code  Lc  bsp_spi.o [1]
PendSVIntHandler        0x000009a9     0x2  Code  Wk  startup_iar.o [1]
RFCCPE0IntHandler       0x000009a9     0x2  Code  Wk  startup_iar.o [1]
RFCCPE1IntHandler       0x000009a9     0x2  Code  Wk  startup_iar.o [1]
RFCCmdAckIntHandler     0x000009a9     0x2  Code  Wk  startup_iar.o [1]
RFCHardwareIntHandler   0x000009a9     0x2  Code  Wk  startup_iar.o [1]
Region$$Table$$Base     0x00000000           --   Gb  - Linker created -
Region$$Table$$Limit    0x00000000           --   Gb  - Linker created -
ResetISR                0x00000995    0x10  Code  Gb  startup_iar.o [1]
SSI0IntHandler          0x000009a9     0x2  Code  Wk  startup_iar.o [1]
SSI1IntHandler          0x000009a9     0x2  Code  Wk  startup_iar.o [1]
SSIEnable               0x0001f609     0xe  Code  Lc  bsp_spi.o [1]
SSIIntClear             0x0001f627     0x8  Code  Lc  bsp_spi.o [1]
SSIIntDisable           0x0001f617    0x10  Code  Lc  bsp_spi.o [1]
STACK_TOP {Abs}         0x20003700          Data  Gb  command line/config [2]
SVCallIntHandler        0x000009a9     0x2  Code  Wk  startup_iar.o [1]
SWEvent0IntHandler      0x000009a9     0x2  Code  Wk  startup_iar.o [1]
SysTickIntHandler       0x000009a9     0x2  Code  Wk  startup_iar.o [1]
TRNGIntHandler          0x000009a9     0x2  Code  Wk  startup_iar.o [1]
Timer0AIntHandler       0x000009a9     0x2  Code  Wk  startup_iar.o [1]
Timer0BIntHandler       0x000009a9     0x2  Code  Wk  startup_iar.o [1]
Timer1AIntHandler       0x000009a9     0x2  Code  Wk  startup_iar.o [1]
Timer1BIntHandler       0x000009a9     0x2  Code  Wk  startup_iar.o [1]
Timer2AIntHandler       0x000009a9     0x2  Code  Wk  startup_iar.o [1]
Timer2BIntHandler       0x000009a9     0x2  Code  Wk  startup_iar.o [1]
Timer3AIntHandler       0x000009a9     0x2  Code  Wk  startup_iar.o [1]
Timer3BIntHandler       0x000009a9     0x2  Code  Wk  startup_iar.o [1]
TrimAfterColdResetWakeupFromShutDown
                        0x0000014f    0xa6  Code  Lc  setup.o [4]
UART0IntHandler         0x000009a9     0x2  Code  Wk  startup_iar.o [1]
UsageFaultIntHandler    0x000009a9     0x2  Code  Wk  startup_iar.o [1]
WatchdogEnable          0x0001f019     0xa  Code  Lc  bim_main.o [1]
WatchdogIntHandler      0x000009a9     0x2  Code  Wk  startup_iar.o [1]
WatchdogReloadSet       0x0001f02d     0x8  Code  Lc  bim_main.o [1]
WatchdogResetEnable     0x0001f023     0xa  Code  Lc  bim_main.o [1]
__ccfg                  0x0001ffa8    0x58  Data  Gb  ccfg_app_ble.o [1]
__cmain                 0x00000955          Code  Gb  cmain.o [5]
__exit                  0x00000981    0x14  Code  Gb  exit.o [6]
__iar_program_start     0x000009ab          Code  Gb  cstartup_M.o [5]
__iar_unaligned___aeabi_memcpy
                        0x0001f3bd          Code  Gb  ABImemcpy_unaligned.o [5]
__iar_unaligned___aeabi_memcpy4
                        0x0001f3dd          Code  Gb  ABImemcpy_unaligned.o [5]
__iar_unaligned___aeabi_memcpy8
                        0x0001f3dd          Code  Gb  ABImemcpy_unaligned.o [5]
__vector_table          0x00000000    0xc8  Data  Gb  startup_iar.o [1]
_call_main              0x00000961          Code  Gb  cmain.o [5]
_exit                   0x00000975          Code  Gb  cexit.o [5]
_main                   0x0000096b          Code  Gb  cmain.o [5]
bspSpiClose             0x0001f773    0x4c  Code  Gb  bsp_spi.o [1]
bspSpiFlush             0x0001f6b1    0x16  Code  Gb  bsp_spi.o [1]
bspSpiOpen              0x0001f6c7    0xac  Code  Gb  bsp_spi.o [1]
bspSpiRead              0x0001f673    0x3e  Code  Gb  bsp_spi.o [1]
bspSpiWrite             0x0001f643    0x30  Code  Gb  bsp_spi.o [1]
crc16                   0x0001f26d    0x36  Code  Lc  bim_main.o [1]
crcCalc                 0x0001f133   0x112  Code  Lc  bim_main.o [1]
crcCheck                0x0001f245    0x28  Code  Lc  bim_main.o [1]
dummy_stack             0x20003300     0x4  Data  Lc  startup_iar.o [1]
exit                    0x0000096f     0x4  Code  Gb  exit.o [3]
extFlashClose           0x0001f509     0x8  Code  Gb  ext_flash.o [1]
extFlashDeselect        0x0001f453     0xa  Code  Lc  ext_flash.o [1]
extFlashOpen            0x0001f4d3    0x1c  Code  Gb  ext_flash.o [1]
extFlashRead            0x0001f511    0x62  Code  Gb  ext_flash.o [1]
extFlashSelect          0x0001f449     0xa  Code  Lc  ext_flash.o [1]
extFlashWaitReady       0x0001f45d    0x4a  Code  Lc  ext_flash.o [1]
extFlashWrite           0x0001f573    0x96  Code  Gb  ext_flash.o [1]
extFlashWriteEnable     0x0001f4a7    0x2c  Code  Lc  ext_flash.o [1]
imgInfo                 0x20001000    0x10  Data  Gb  bim_main.o [1]
main                    0x0001f3a9    0x14  Code  Gb  bim_main.o [1]
pgBuf                   0x20000000  0x1000  Data  Gb  bim_main.o [1]
uDMAErrIntHandler       0x000009a9     0x2  Code  Wk  startup_iar.o [1]
uDMAIntHandler          0x000009a9     0x2  Code  Wk  startup_iar.o [1]


[1] = C:\Project\MotionBand\ble_sdk_2_02_01_18\examples\util\bim_extflash\cc2640\iar\FlashOnly_ST\Obj
[2] = command line
[3] = dl7M_tln.a
[4] = driverlib.lib
[5] = rt7M_tl.a
[6] = shb_l.a

  4 292 bytes of readonly  code memory
    290 bytes of readonly  data memory
  5 136 bytes of readwrite data memory

Errors: none
Warnings: none
