###############################################################################
#
# IAR ELF Linker V8.10.1.12857/W32 for ARM                10/Apr/2017  15:07:29
# Copyright 2007-2017 IAR Systems AB.
#
#    Output file  =  
#        E:\5_Working_FIOT\F2_MotionBand\MotionBand\ble_sdk_2_02_01_18\examples\cc2650stk\MotionBand\iar\stack\FlashROM\Exe\MotionBand_cc2650_stack.out
#    Map file     =  
#        E:\5_Working_FIOT\F2_MotionBand\MotionBand\ble_sdk_2_02_01_18\examples\cc2650stk\MotionBand\iar\stack\FlashROM\List\MotionBand_cc2650_stack.map
#    Command line =  
#        -f C:\Users\TuanDinh\AppData\Local\Temp\EWFD63.tmp
#        (E:\5_Working_FIOT\F2_MotionBand\MotionBand\ble_sdk_2_02_01_18\examples\cc2650stk\MotionBand\iar\stack\FlashROM\Obj\ble_dispatch.o
#        E:\5_Working_FIOT\F2_MotionBand\MotionBand\ble_sdk_2_02_01_18\examples\cc2650stk\MotionBand\iar\stack\FlashROM\Obj\ble_user_config.o
#        E:\5_Working_FIOT\F2_MotionBand\MotionBand\ble_sdk_2_02_01_18\examples\cc2650stk\MotionBand\iar\stack\FlashROM\Obj\gap.o
#        E:\5_Working_FIOT\F2_MotionBand\MotionBand\ble_sdk_2_02_01_18\examples\cc2650stk\MotionBand\iar\stack\FlashROM\Obj\gapbondmgr.o
#        E:\5_Working_FIOT\F2_MotionBand\MotionBand\ble_sdk_2_02_01_18\examples\cc2650stk\MotionBand\iar\stack\FlashROM\Obj\gattservapp_util.o
#        E:\5_Working_FIOT\F2_MotionBand\MotionBand\ble_sdk_2_02_01_18\examples\cc2650stk\MotionBand\iar\stack\FlashROM\Obj\hal_assert.o
#        E:\5_Working_FIOT\F2_MotionBand\MotionBand\ble_sdk_2_02_01_18\examples\cc2650stk\MotionBand\iar\stack\FlashROM\Obj\hal_flash_wrapper.o
#        E:\5_Working_FIOT\F2_MotionBand\MotionBand\ble_sdk_2_02_01_18\examples\cc2650stk\MotionBand\iar\stack\FlashROM\Obj\hal_trng_wrapper.o
#        E:\5_Working_FIOT\F2_MotionBand\MotionBand\ble_sdk_2_02_01_18\examples\cc2650stk\MotionBand\iar\stack\FlashROM\Obj\icall_startup.o
#        E:\5_Working_FIOT\F2_MotionBand\MotionBand\ble_sdk_2_02_01_18\examples\cc2650stk\MotionBand\iar\stack\FlashROM\Obj\npi.o
#        E:\5_Working_FIOT\F2_MotionBand\MotionBand\ble_sdk_2_02_01_18\examples\cc2650stk\MotionBand\iar\stack\FlashROM\Obj\onboard.o
#        E:\5_Working_FIOT\F2_MotionBand\MotionBand\ble_sdk_2_02_01_18\examples\cc2650stk\MotionBand\iar\stack\FlashROM\Obj\osal.o
#        E:\5_Working_FIOT\F2_MotionBand\MotionBand\ble_sdk_2_02_01_18\examples\cc2650stk\MotionBand\iar\stack\FlashROM\Obj\osal_bufmgr.o
#        E:\5_Working_FIOT\F2_MotionBand\MotionBand\ble_sdk_2_02_01_18\examples\cc2650stk\MotionBand\iar\stack\FlashROM\Obj\osal_cbtimer.o
#        E:\5_Working_FIOT\F2_MotionBand\MotionBand\ble_sdk_2_02_01_18\examples\cc2650stk\MotionBand\iar\stack\FlashROM\Obj\osal_clock.o
#        E:\5_Working_FIOT\F2_MotionBand\MotionBand\ble_sdk_2_02_01_18\examples\cc2650stk\MotionBand\iar\stack\FlashROM\Obj\osal_icall_ble.o
#        E:\5_Working_FIOT\F2_MotionBand\MotionBand\ble_sdk_2_02_01_18\examples\cc2650stk\MotionBand\iar\stack\FlashROM\Obj\osal_memory_icall.o
#        E:\5_Working_FIOT\F2_MotionBand\MotionBand\ble_sdk_2_02_01_18\examples\cc2650stk\MotionBand\iar\stack\FlashROM\Obj\osal_pwrmgr.o
#        E:\5_Working_FIOT\F2_MotionBand\MotionBand\ble_sdk_2_02_01_18\examples\cc2650stk\MotionBand\iar\stack\FlashROM\Obj\osal_snv_wrapper.o
#        E:\5_Working_FIOT\F2_MotionBand\MotionBand\ble_sdk_2_02_01_18\examples\cc2650stk\MotionBand\iar\stack\FlashROM\Obj\osal_timers.o
#        E:\5_Working_FIOT\F2_MotionBand\MotionBand\ble_sdk_2_02_01_18\examples\cc2650stk\MotionBand\iar\stack\FlashROM\Obj\rom_jt.o
#        E:\5_Working_FIOT\F2_MotionBand\MotionBand\ble_sdk_2_02_01_18\examples\cc2650stk\MotionBand\iar\stack\FlashROM\Obj\sm_ecc.o
#        -o
#        E:\5_Working_FIOT\F2_MotionBand\MotionBand\ble_sdk_2_02_01_18\examples\cc2650stk\MotionBand\iar\stack\FlashROM\Exe\MotionBand_cc2650_stack.out
#        --config_def FLASH_ROM_BUILD=1 --config_def CC2650=1 --map
#        E:\5_Working_FIOT\F2_MotionBand\MotionBand\ble_sdk_2_02_01_18\examples\cc2650stk\MotionBand\iar\stack\FlashROM\List\MotionBand_cc2650_stack.map
#        --config
#        E:\5_Working_FIOT\F2_MotionBand\MotionBand\ble_sdk_2_02_01_18\examples\cc2650stk\MotionBand\iar\stack\..\..\..\..\..\src/common/cc26xx/iar/cc26xx_stack.icf
#        -f
#        E:\5_Working_FIOT\F2_MotionBand\MotionBand\ble_sdk_2_02_01_18\examples\cc2650stk\MotionBand\iar\stack/../config/lib_linker.cmd
#        (E:\5_Working_FIOT\F2_MotionBand\MotionBand\ble_sdk_2_02_01_18\blelib\host\host_pxxx.a
#        E:\5_Working_FIOT\F2_MotionBand\MotionBand\ble_sdk_2_02_01_18\blelib\ctrl\cc2640\cc2640_ctrl_pxxx.a
#        E:\5_Working_FIOT\F2_MotionBand\MotionBand\ble_sdk_2_02_01_18\blelib\hci_tl\cc26xx\cc26xx_hci_tl_none.a)
#        --semihosting
#        E:\5_Working_FIOT\F2_MotionBand\MotionBand\ble_sdk_2_02_01_18\examples\cc2650stk\MotionBand\iar\stack\..\..\..\..\..\src\rom/ble_rom_releases/04242014/ble_rom_patch.symbols
#        C:\ti\tirtos_cc13xx_cc26xx_2_20_01_08\products\cc26xxware_2_24_02_17393\driverlib\bin\iar\driverlib.lib
#        --entry startup_entry --vfe --text_out locale)
#
###############################################################################

*******************************************************************************
*** RUNTIME MODEL ATTRIBUTES
***

CppFlavor       = *
__SystemLibrary = DLib
__dlib_version  = 6


*******************************************************************************
*** HEAP SELECTION
***

The basic heap was selected because no calls to memory allocation
functions were found in the application outside of system library
functions, and there are calls to deallocation functions in the
application.


*******************************************************************************
*** RESERVED RANGES
***

Ranges reserved by absolute symbols:
   [0x10005000-0x10005003]
   [0x10005004-0x1000dffb]
   [0x1000dffc-0x1000dffd]
   [0x1000dffe-0x1000dfff]
   [0x10016975-0x10016976]
   [0x10016979-0x10016984]
   [0x10016985-0x10016a98]
   [0x10016a99-0x10016ae6]
   [0x10016af5-0x10016b56]
   [0x10016b79-0x10016c28]
   [0x10016c29-0x10016c42]
   [0x10016c45-0x10016c76]
   [0x10016c79-0x10016d02]
   [0x10016d05-0x10016d26]
   [0x10016d29-0x10016da0]
   [0x10016da1-0x10016dc6]
   [0x10016dc9-0x10016e8c]
   [0x10016e8d-0x10016ea0]
   [0x10016ea1-0x10016ed2]
   [0x10016ed5-0x10016f44]
   [0x10017365-0x100174ba]
   [0x100174fd-0x100175d0]
   [0x100175ed-0x10017674]
   [0x1001767d-0x10017754]
   [0x10017771-0x100177fa]
   [0x10017839-0x10017894]
   [0x10017895-0x100178f2]
   [0x100178f5-0x1001794e]
   [0x10018315-0x1001833a]
   [0x1001833d-0x10018366]
   [0x10018369-0x1001838e]
   [0x10018391-0x100183b6]
   [0x100183b9-0x100183c4]
   [0x10018485-0x100184a6]
   [0x100184a9-0x100184c2]
   [0x100184c5-0x100184cc]
   [0x100184cd-0x100184d0]
   [0x100184d1-0x100184d4]
   [0x100184d5-0x100184f8]
   [0x100184f9-0x10018546]
   [0x10018549-0x10018550]
   [0x10018551-0x100185e0]
   [0x100185e1-0x1001865c]
   [0x10018669-0x100186f6]
   [0x10018a19-0x10018a32]
   [0x10018a35-0x10018a4c]
   [0x10018a99-0x10018ac2]
   [0x10018ac5-0x10018aee]
   [0x10018b09-0x10018b0c]
   [0x200048e8-0x200048fb]
   [0x200048fc-0x20004f2b]
   [0x20004fac-0x20004fcb]
   [0x20004fcc-0x20004fd7]


*******************************************************************************
*** PLACEMENT SUMMARY
***

"A0":  place at end of [0x00000000-0x0001efff] { block ROSTK };
"A1":  place at end of [0x20000000-0x200048e7] { block RWDATA };
initialize by copy with packing = packbits { rw };

  Section                Kind        Address    Size  Object
  -------                ----        -------    ----  ------
"A0":                                         0xf1b0
  ROSTK                           0x0000fe50  0xf1b0  <Block>
    ENTRY                         0x0000fe50    0x30  <Block>
      EntrySection       ro code  0x0000fe50    0x30  icall_startup.o [1]
    ROCODE                        0x0000fe80  0xe14b  <Block>
      .rodata            const    0x0000fe80    0x29  osal_icall_ble.o [1]
      .rodata            const    0x0000feaa     0x2  ll_patch.o [4]
      .rodata            const    0x0000feac     0x8  gattservapp.o [8]
      .rodata            const    0x0000feb4     0x8  gapgattserver.o [8]
      .rodata            const    0x0000febc    0x5c  ll_config.o [4]
      Veneer             ro code  0x0000ff18     0x8  - Linker created -
      Veneer             ro code  0x0000ff20     0x8  - Linker created -
      Veneer             ro code  0x0000ff28     0x8  - Linker created -
      Veneer             ro code  0x0000ff30     0x8  - Linker created -
      Veneer             ro code  0x0000ff38     0x8  - Linker created -
      Veneer             ro code  0x0000ff40     0x8  - Linker created -
      Veneer             ro code  0x0000ff48     0x8  - Linker created -
      Veneer             ro code  0x0000ff50     0x8  - Linker created -
      Veneer             ro code  0x0000ff58     0x8  - Linker created -
      Veneer             ro code  0x0000ff60     0x8  - Linker created -
      Veneer             ro code  0x0000ff68     0x8  - Linker created -
      Veneer             ro code  0x0000ff70     0x8  - Linker created -
      Veneer             ro code  0x0000ff78     0x8  - Linker created -
      Veneer             ro code  0x0000ff80     0x8  - Linker created -
      Veneer             ro code  0x0000ff88     0x8  - Linker created -
      Veneer             ro code  0x0000ff90     0x8  - Linker created -
      Veneer             ro code  0x0000ff98     0x8  - Linker created -
      Veneer             ro code  0x0000ffa0     0x8  - Linker created -
      Veneer             ro code  0x0000ffa8     0x8  - Linker created -
      Veneer             ro code  0x0000ffb0     0x8  - Linker created -
      Veneer             ro code  0x0000ffb8     0x8  - Linker created -
      Veneer             ro code  0x0000ffc0     0x8  - Linker created -
      Veneer             ro code  0x0000ffc8     0x8  - Linker created -
      Veneer             ro code  0x0000ffd0     0x8  - Linker created -
      Veneer             ro code  0x0000ffd8     0x8  - Linker created -
      Veneer             ro code  0x0000ffe0     0x8  - Linker created -
      Veneer             ro code  0x0000ffe8     0x8  - Linker created -
      Veneer             ro code  0x0000fff0     0x8  - Linker created -
      Veneer             ro code  0x0000fff8     0x8  - Linker created -
      Veneer             ro code  0x00010000     0x8  - Linker created -
      Veneer             ro code  0x00010008     0x8  - Linker created -
      Veneer             ro code  0x00010010     0x8  - Linker created -
      Veneer             ro code  0x00010018     0x8  - Linker created -
      Veneer             ro code  0x00010020     0x8  - Linker created -
      Veneer             ro code  0x00010028     0x8  - Linker created -
      .text              ro code  0x00010030   0x964  ble_dispatch.o [1]
      .text              ro code  0x00010994   0x6b0  osal.o [1]
      Veneer             ro code  0x00011044     0x8  - Linker created -
      Veneer             ro code  0x0001104c     0x8  - Linker created -
      Veneer             ro code  0x00011054     0x8  - Linker created -
      .text              ro code  0x0001105c   0x152  l2cap_if.o [8]
      .text              ro code  0x000111b0   0x1ec  att_server.o [8]
      .text              ro code  0x0001139c   0xfb4  gattservapp.o [8]
      .text              ro code  0x00012350   0xaa0  gatt_server.o [8]
      Veneer             ro code  0x00012df0     0x8  - Linker created -
      Veneer             ro code  0x00012df8     0x8  - Linker created -
      Veneer             ro code  0x00012e00     0x8  - Linker created -
      Veneer             ro code  0x00012e08     0x8  - Linker created -
      .text              ro code  0x00012e10   0x308  hci_patch.o [4]
      .text              ro code  0x00013118   0xd84  gapbondmgr.o [1]
      .text              ro code  0x00013e9c   0x4a8  osal_snv_wrapper.o [1]
      Veneer             ro code  0x00014344     0x8  - Linker created -
      .text              ro code  0x0001434c    0x14  onboard.o [1]
      .text              ro code  0x00014360   0x2f2  gatt_task.o [8]
      Veneer             ro code  0x00014654     0x8  - Linker created -
      Veneer             ro code  0x0001465c     0x8  - Linker created -
      .text              ro code  0x00014664   0x5c6  l2cap_util.o [8]
      .text              ro code  0x00014c2c    0xc8  osal_bufmgr.o [1]
      .text              ro code  0x00014cf4    0x34  gap.o [1]
      Veneer             ro code  0x00014d28     0x8  - Linker created -
      Veneer             ro code  0x00014d30     0x8  - Linker created -
      Veneer             ro code  0x00014d38     0x8  - Linker created -
      Veneer             ro code  0x00014d40     0x8  - Linker created -
      .text              ro code  0x00014d48   0x610  gap_peridevmgr.o [8]
      Veneer             ro code  0x00015358     0x8  - Linker created -
      Veneer             ro code  0x00015360     0x8  - Linker created -
      .text              ro code  0x00015368   0x348  gap_configmgr.o [8]
      Veneer             ro code  0x000156b0     0x8  - Linker created -
      .text              ro code  0x000156b8   0x980  gap_linkmgr.o [8]
      .text              ro code  0x00016038    0xb0  gap_devmgr.o [8]
      .text              ro code  0x000160e8   0x110  gap_perilinkmgr.o [8]
      .text              ro code  0x000161f8   0x314  gapgattserver.o [8]
      .text              ro code  0x0001650c   0x2e8  gap_task.o [8]
      .text              ro code  0x000167f4   0x2c0  linkdb.o [8]
      .text              ro code  0x00016ab4    0x30  hal_assert.o [1]
      .text              ro code  0x00016ae4    0x36  strlen.o [9]
      .text              ro code  0x00016b1c    0x3c  osal_memory_icall.o [1]
      .text              ro code  0x00016b58    0x66  ABImemset.o [9]
      .text              ro code  0x00016bc0   0x290  osal_timers.o [1]
      .text              ro code  0x00016e50    0xa0  osal_pwrmgr.o [1]
      .text              ro code  0x00016ef0   0x118  osal_icall_ble.o [1]
      .text              ro code  0x00017008   0x3b0  att_util.o [8]
      .text              ro code  0x000173b8    0x6c  gattservapp_util.o [1]
      Veneer             ro code  0x00017424     0x8  - Linker created -
      Veneer             ro code  0x0001742c     0x8  - Linker created -
      Veneer             ro code  0x00017434     0x8  - Linker created -
      Veneer             ro code  0x0001743c     0x8  - Linker created -
      Veneer             ro code  0x00017444     0x8  - Linker created -
      Veneer             ro code  0x0001744c     0x8  - Linker created -
      Veneer             ro code  0x00017454     0x8  - Linker created -
      Veneer             ro code  0x0001745c     0x8  - Linker created -
      Veneer             ro code  0x00017464     0x8  - Linker created -
      Veneer             ro code  0x0001746c     0x8  - Linker created -
      Veneer             ro code  0x00017474     0x8  - Linker created -
      Veneer             ro code  0x0001747c     0x8  - Linker created -
      Veneer             ro code  0x00017484     0x8  - Linker created -
      Veneer             ro code  0x0001748c     0x8  - Linker created -
      Veneer             ro code  0x00017494     0x8  - Linker created -
      Veneer             ro code  0x0001749c     0x8  - Linker created -
      .text              ro code  0x000174a4  0x16e0  ll_patch.o [4]
      Veneer             ro code  0x00018b84     0x8  - Linker created -
      .text              ro code  0x00018b8c   0x4b8  hci_event_patch.o [4]
      .text              ro code  0x00019044    0x58  hal_flash_wrapper.o [1]
      .text              ro code  0x0001909c    0x2c  flash.o [7]
      .text              ro code  0x000190c8    0x76  ABImemcpy_unaligned.o [9]
      .text              ro code  0x00019140    0x62  memcmp_unaligned.o [9]
      .text              ro code  0x000191a4     0xe  vims.o [7]
      .text              ro code  0x000191b4   0x1a4  osal_cbtimer.o [1]
      Veneer             ro code  0x00019358     0x8  - Linker created -
      Veneer             ro code  0x00019360     0x8  - Linker created -
      .text              ro code  0x00019368   0x570  sm_rsppairing.o [8]
      Veneer             ro code  0x000198d8     0x8  - Linker created -
      .text              ro code  0x000198e0   0x628  sm_mgr.o [8]
      .text              ro code  0x00019f08   0x7dc  sm_pairing.o [8]
      .text              ro code  0x0001a6e4   0x39c  smp.o [8]
      .text              ro code  0x0001aa80    0x9c  hci_tl.o [5]
      .text              ro code  0x0001ab1c    0xee  I64DivMod.o [9]
      .text              ro code  0x0001ac0c    0x60  osal_clock.o [1]
      .text              ro code  0x0001ac6c   0x2ac  l2cap_task.o [8]
      .text              ro code  0x0001af18    0xe8  sm_task.o [8]
      .text              ro code  0x0001b000    0x74  ble_user_config.o [1]
      .text              ro code  0x0001b074    0x60  hal_trng_wrapper.o [1]
      Veneer             ro code  0x0001b0d4     0x8  - Linker created -
      Veneer             ro code  0x0001b0dc     0x8  - Linker created -
      Veneer             ro code  0x0001b0e4     0x8  - Linker created -
      Veneer             ro code  0x0001b0ec     0x8  - Linker created -
      Veneer             ro code  0x0001b0f4     0x8  - Linker created -
      Veneer             ro code  0x0001b0fc     0x8  - Linker created -
      Veneer             ro code  0x0001b104     0x8  - Linker created -
      Veneer             ro code  0x0001b10c     0x8  - Linker created -
      Veneer             ro code  0x0001b114     0x8  - Linker created -
      Veneer             ro code  0x0001b11c     0x8  - Linker created -
      .text              ro code  0x0001b124   0xace  ll_common_patch.o [4]
      .text              ro code  0x0001bbf4   0x1a8  ll_scheduler_patch.o [4]
      .text              ro code  0x0001bd9c    0x10  ll_rat_patch.o [4]
      .text              ro code  0x0001bdac     0x2  I64DivZer.o [9]
      .text              ro code  0x0001bdb0    0x30  trng.o [7]
      .text              ro code  0x0001bde0     0x6  ABImemclr.o [9]
      Veneer             ro code  0x0001bde8     0x8  - Linker created -
      Veneer             ro code  0x0001bdf0     0x8  - Linker created -
      Veneer             ro code  0x0001bdf8     0x8  - Linker created -
      Veneer             ro code  0x0001be00     0x8  - Linker created -
      .text              ro code  0x0001be08   0x14c  ll_enc_patch.o [4]
      .text              ro code  0x0001bf54    0x46  ll_sleep.o [4]
      Veneer             ro code  0x0001bf9c     0x8  - Linker created -
      Veneer             ro code  0x0001bfa4     0x8  - Linker created -
      Veneer             ro code  0x0001bfac     0x8  - Linker created -
      Veneer             ro code  0x0001bfb4     0x8  - Linker created -
      Veneer             ro code  0x0001bfbc     0x8  - Linker created -
      .text              ro code  0x0001bfc4   0x4a8  ble_patch.o [4]
      Veneer             ro code  0x0001c46c     0x8  - Linker created -
      .text              ro code  0x0001c474    0xa8  hci_data_patch.o [4]
      .text              ro code  0x0001c51c   0x764  rom_jt.o [1]
      .text              ro code  0x0001cc80    0x10  cpu.o [7]
      .text              ro code  0x0001cc90    0x24  gatt_uuid.o [8]
      .text              ro code  0x0001ccb4    0xbc  interrupt.o [7]
      Veneer             ro code  0x0001cd70     0x8  - Linker created -
      Veneer             ro code  0x0001cd78     0x8  - Linker created -
      Veneer             ro code  0x0001cd80     0x8  - Linker created -
      Veneer             ro code  0x0001cd88     0x8  - Linker created -
      Veneer             ro code  0x0001cd90     0x8  - Linker created -
      .text              ro code  0x0001cd98   0x428  ll_adv_end_causes_patch.o [4]
      Veneer             ro code  0x0001d1c0     0x8  - Linker created -
      Veneer             ro code  0x0001d1c8     0x8  - Linker created -
      Veneer             ro code  0x0001d1d0     0x8  - Linker created -
      Veneer             ro code  0x0001d1d8     0x8  - Linker created -
      Veneer             ro code  0x0001d1e0     0x8  - Linker created -
      Veneer             ro code  0x0001d1e8     0x8  - Linker created -
      Veneer             ro code  0x0001d1f0     0x8  - Linker created -
      Veneer             ro code  0x0001d1f8     0x8  - Linker created -
      Veneer             ro code  0x0001d200     0x8  - Linker created -
      Veneer             ro code  0x0001d208     0x8  - Linker created -
      Veneer             ro code  0x0001d210     0x8  - Linker created -
      Veneer             ro code  0x0001d218     0x8  - Linker created -
      Veneer             ro code  0x0001d220     0x8  - Linker created -
      .text              ro code  0x0001d228   0x6fe  ll_slave_end_causes_patch.o [4]
      Veneer             ro code  0x0001d928     0x8  - Linker created -
      .text              ro code  0x0001d930   0x3b0  ll_isr.o [4]
      .text              ro code  0x0001dce0    0x28  data_init.o [9]
      Veneer             ro code  0x0001dd08     0x8  - Linker created -
      .text              ro code  0x0001dd10    0xae  ll_wl_patch.o [4]
      .text              ro code  0x0001ddbe    0x40  zero_init3.o [9]
      .text              ro code  0x0001ddfe    0x38  packbits_init_single.o [9]
      .iar.init_table    const    0x0001de38    0x20  - Linker created -
      .rodata            const    0x0001de58     0x0  zero_init3.o [9]
      .rodata            const    0x0001de58     0x0  packbits_init_single.o [9]
      Initializer bytes  const    0x0001de58   0x173  <for RWDATA-1>
    SNVSECT                       0x0001e000  0x1000  <Block>
      .snvSectors        const    0x0001e000  0x1000  osal_snv_wrapper.o [1]
                                - 0x0001f000  0xf1b0

"A1":                                          0x59c
  RWDATA                          0x20004348   0x59c  <Block>
    RWDATA-1                      0x20004348   0x3bc  <Init block>
      .data              inited   0x20004348    0xf8  ll_patch.o [4]
      .data              inited   0x20004440    0x54  gapbondmgr.o [1]
      .data              inited   0x20004494     0x8  hal_assert.o [1]
      .data              inited   0x2000449c    0x2c  osal.o [1]
      .data              inited   0x200044c8    0x7c  osal_cbtimer.o [1]
      .data              inited   0x20004544    0x1c  gap_linkmgr.o [8]
      .data              inited   0x20004560    0x2c  gap_configmgr.o [8]
      .data              inited   0x2000458c    0x50  gap_configmgr.o [8]
      .data              inited   0x200045dc    0x1c  gap_peridevmgr.o [8]
      .data              inited   0x200045f8     0xc  gap_task.o [8]
      .data              inited   0x20004604     0x4  gap_perilinkmgr.o [8]
      .data              inited   0x20004608    0x10  gattservapp.o [8]
      .data              inited   0x20004618     0x8  gatt_server.o [8]
      .data              inited   0x20004620    0x24  gapgattserver.o [8]
      .data              inited   0x20004644    0x70  gapgattserver.o [8]
      .data              inited   0x200046b4    0x20  ll_config.o [4]
      .data              inited   0x200046d4    0x10  sm_rsppairing.o [8]
      .data              inited   0x200046e4     0x8  l2cap_task.o [8]
      .data              inited   0x200046ec     0xc  ll_common_patch.o [4]
      .data              inited   0x200046f8     0x4  osal_snv_wrapper.o [1]
      .data              inited   0x200046fc     0x2  l2cap_task.o [8]
      .data              inited   0x200046fe     0x1  gattservapp.o [8]
      .data              inited   0x200046ff     0x1  gatt_task.o [8]
      .data              inited   0x20004700     0x1  gatt_server.o [8]
      .data              inited   0x20004701     0x1  gapgattserver.o [8]
      .data              inited   0x20004702     0x1  gapgattserver.o [8]
      .data              inited   0x20004703     0x1  gapgattserver.o [8]
    .bss                 zero     0x20004708     0x8  ll_patch.o [4]
    .bss                 zero     0x20004710    0x38  ble_dispatch.o [1]
    .bss                 zero     0x20004748    0x8c  gapbondmgr.o [1]
    .bss                 zero     0x200047d4     0x4  hal_trng_wrapper.o [1]
    .bss                 zero     0x200047d8     0xc  icall_startup.o [1]
    .bss                 zero     0x200047e4     0x4  osal_bufmgr.o [1]
    .bss                 zero     0x200047e8     0x8  osal_clock.o [1]
    .bss                 zero     0x200047f0     0x4  osal_icall_ble.o [1]
    .bss                 zero     0x200047f4     0xc  osal_timers.o [1]
    .bss                 zero     0x20004800     0x4  att_server.o [8]
    .bss                 zero     0x20004804     0x4  gap_linkmgr.o [8]
    .bss                 zero     0x20004808     0x4  gap_task.o [8]
    .bss                 zero     0x2000480c     0x4  gap_devmgr.o [8]
    .bss                 zero     0x20004810     0x4  gap_devmgr.o [8]
    .bss                 zero     0x20004814    0x24  gattservapp.o [8]
    .bss                 zero     0x20004838     0x4  gattservapp.o [8]
    .bss                 zero     0x2000483c     0x8  gatt_task.o [8]
    .bss                 zero     0x20004844     0x4  gatt_server.o [8]
    .bss                 zero     0x20004848     0x4  gapgattserver.o [8]
    .bss                 zero     0x2000484c    0x38  linkdb.o [8]
    .bss                 zero     0x20004884    0x30  l2cap_task.o [8]
    .bss                 zero     0x200048b4    0x10  hci_event_patch.o [4]
    .bss                 zero     0x200048c4     0xc  sm_pairing.o [8]
    .bss                 zero     0x200048d0     0x4  osal_pwrmgr.o [1]
    .bss                 zero     0x200048d4     0x2  ll_slave_end_causes_patch.o [4]
    .bss                 zero     0x200048d6     0x1  ble_dispatch.o [1]
    .bss                 zero     0x200048d7     0x1  osal.o [1]
    .bss                 zero     0x200048d8     0x1  gap_devmgr.o [8]
    .bss                 zero     0x200048d9     0x2  gatt_task.o [8]
    .bss                 zero     0x200048db     0x1  l2cap_if.o [8]
    .bss                 zero     0x200048dc     0x1  l2cap_util.o [8]
    .bss                 zero     0x200048dd     0x1  hci_tl.o [5]
    .bss                 zero     0x200048de     0x1  hci_tl.o [5]
    .bss                 zero     0x200048df     0x1  hci_tl.o [5]
    .bss                 zero     0x200048e0     0x1  hci_tl.o [5]
    .bss                 zero     0x200048e1     0x1  hci_tl.o [5]
    .bss                 zero     0x200048e2     0x1  hci_tl.o [5]
    .bss                 zero     0x200048e3     0x1  sm_task.o [8]
                                - 0x200048e4   0x59c


*******************************************************************************
*** INIT TABLE
***

          Address     Size
          -------     ----
Zero (__iar_zero_init3)
    1 destination range, total size 0x1dc:
          0x20004708  0x1dc

Copy/packbits (__iar_packbits_init_single3)
    1 source range, total size 0x173 (38% of destination):
          0x0001de58  0x173
    1 destination range, total size 0x3bc:
          0x20004348  0x3bc



*******************************************************************************
*** MODULE SUMMARY
***

    Module                       ro code  ro data  rw data
    ------                       -------  -------  -------
E:\5_Working_FIOT\F2_MotionBand\MotionBand\ble_sdk_2_02_01_18\examples\cc2650stk\MotionBand\iar\stack\FlashROM\Obj: [1]
    ble_dispatch.o                 2 404                57
    ble_user_config.o                116
    gap.o                             52
    gapbondmgr.o                   3 460       32      224
    gattservapp_util.o               108
    hal_assert.o                      48        3        8
    hal_flash_wrapper.o               88
    hal_trng_wrapper.o                96                 4
    icall_startup.o                   48                12
    onboard.o                         20
    osal.o                         1 712       18       45
    osal_bufmgr.o                    200                 4
    osal_cbtimer.o                   420       48      124
    osal_clock.o                      96                 8
    osal_icall_ble.o                 280       41        4
    osal_memory_icall.o               60
    osal_pwrmgr.o                    160                 4
    osal_snv_wrapper.o             1 192    4 097        4
    osal_timers.o                    656                12
    rom_jt.o                       1 892
    ------------------------------------------------------
    Total:                        13 108    4 239      510

E:\5_Working_FIOT\F2_MotionBand\MotionBand\ble_sdk_2_02_01_18\src\rom\ble_rom_releases\04242014: [2]
    ------------------------------------------------------
    Total:

command line: [3]
    ------------------------------------------------------
    Total:

cc2640_ctrl_pxxx.a: [4]
    ble_patch.o                    1 192
    hci_data_patch.o                 168
    hci_event_patch.o              1 208                16
    hci_patch.o                      776
    ll_adv_end_causes_patch.o      1 064
    ll_common_patch.o              2 766        5       12
    ll_config.o                               105       32
    ll_enc_patch.o                   332
    ll_isr.o                         944
    ll_patch.o                     5 856       98      256
    ll_rat_patch.o                    16
    ll_scheduler_patch.o             424
    ll_slave_end_causes_patch.o    1 790                 2
    ll_sleep.o                        70
    ll_wl_patch.o                    174
    ------------------------------------------------------
    Total:                        16 780      208      318

cc26xx_hci_tl_none.a: [5]
    hci_tl.o                         156                 6
    ------------------------------------------------------
    Total:                           156                 6

dl7M_tln.a: [6]
    ------------------------------------------------------
    Total:

driverlib.lib: [7]
    cpu.o                             16
    flash.o                           44
    interrupt.o                      188
    trng.o                            48
    vims.o                            14
    ------------------------------------------------------
    Total:                           310

host_pxxx.a: [8]
    att_server.o                     492                 4
    att_util.o                       944
    gap_configmgr.o                  840       48      124
    gap_devmgr.o                     176                 9
    gap_linkmgr.o                  2 432       11       32
    gap_peridevmgr.o               1 552       10       28
    gap_perilinkmgr.o                272        2        4
    gap_task.o                       744        5       16
    gapgattserver.o                  788       67      155
    gatt_server.o                  2 720        3       13
    gatt_task.o                      754                11
    gatt_uuid.o                       36
    gattservapp.o                  4 020       15       57
    l2cap_if.o                       338                 1
    l2cap_task.o                     684        4       58
    l2cap_util.o                   1 478                 1
    linkdb.o                         704                56
    sm_mgr.o                       1 576
    sm_pairing.o                   2 012                12
    sm_rsppairing.o                1 392        6       16
    sm_task.o                        232                 1
    smp.o                            924
    ------------------------------------------------------
    Total:                        25 110      171      598

rt7M_tl.a: [9]
    ABImemclr.o                        6
    ABImemcpy_unaligned.o            118
    ABImemset.o                      102
    I64DivMod.o                      238
    I64DivZer.o                        2
    data_init.o                       40
    memcmp_unaligned.o                98
    packbits_init_single.o            56
    strlen.o                          54
    zero_init3.o                      64
    ------------------------------------------------------
    Total:                           778

    Gaps                              28        3        4
    Linker created                   896       32
----------------------------------------------------------
    Grand Total:                  57 166    4 653    1 436


*******************************************************************************
*** ENTRY LIST
***

Entry                      Address    Size  Type      Object
-----                      -------    ----  ----      ------
.iar.init_table$$Base   0x0001de38           --   Gb  - Linker created -
.iar.init_table$$Limit  0x0001de58           --   Gb  - Linker created -
A1_rw_1 {Abs}           0x10005000     0x4   --   Gb  ble_rom_patch.symbols [2]
A2_rw_1 {Abs}           0x1000dffe     0x2   --   Gb  ble_rom_patch.symbols [2]
A3_rw_1 {Abs}           0x1000dffc     0x2   --   Gb  ble_rom_patch.symbols [2]
A4_rw_1 {Abs}           0x200048e8    0x14   --   Gb  ble_rom_patch.symbols [2]
ATT_BuildErrorRsp       0x00017063    0x12  Code  Gb  att_util.o [8]
ATT_BuildExchangeMTURsp
                        0x0001707f     0x2  Code  Gb  att_util.o [8]
ATT_BuildFindByTypeValueRsp
                        0x000170f3     0x8  Code  Gb  att_util.o [8]
ATT_BuildFindInfoRsp    0x00017099    0x18  Code  Gb  att_util.o [8]
ATT_BuildHandleValueInd
                        0x0001723d     0x2  Code  Gb  att_util.o [8]
ATT_BuildPrepareWriteRsp
                        0x0001720d     0x2  Code  Gb  att_util.o [8]
ATT_BuildReadBlobRsp    0x000171ab     0x4  Code  Gb  att_util.o [8]
ATT_BuildReadByGrpTypeRsp
                        0x000171d3     0x2  Code  Gb  att_util.o [8]
ATT_BuildReadByTypeRsp  0x00017137     0x2  Code  Gb  att_util.o [8]
ATT_BuildReadMultiRsp   0x000171cf     0x4  Code  Gb  att_util.o [8]
ATT_BuildReadRsp        0x00017153     0x4  Code  Gb  att_util.o [8]
ATT_CompareUUID         0x000172e5    0x50  Code  Gb  att_util.o [8]
ATT_ConvertUUIDto128    0x00017335    0x28  Code  Gb  att_util.o [8]
ATT_ErrorRsp            0x000111b7     0xc  Code  Gb  att_server.o [8]
ATT_ExchangeMTURsp      0x000111c9    0x18  Code  Gb  att_server.o [8]
ATT_ExecuteWriteRsp     0x000112fb     0xc  Code  Gb  att_server.o [8]
ATT_FindByTypeValueRsp  0x00011211    0x20  Code  Gb  att_server.o [8]
ATT_FindInfoRsp         0x000111e1    0x30  Code  Gb  att_server.o [8]
ATT_GetMTU              0x00017387    0x20  Code  Gb  att_util.o [8]
ATT_HandleValueInd      0x0001131d    0x14  Code  Gb  att_server.o [8]
ATT_HandleValueNoti     0x00011307    0x16  Code  Gb  att_server.o [8]
ATT_ParseExchangeMTUReq
                        0x00017075     0xa  Code  Gb  att_util.o [8]
ATT_ParseExecuteWriteReq
                        0x0001722b    0x12  Code  Gb  att_util.o [8]
ATT_ParseFindByTypeValueReq
                        0x000170b1    0x42  Code  Gb  att_util.o [8]
ATT_ParseFindInfoReq    0x0001708f     0xa  Code  Gb  att_util.o [8]
ATT_ParsePacket         0x00017009    0x5a  Code  Gb  att_util.o [8]
ATT_ParsePrepareWriteReq
                        0x000171e5    0x28  Code  Gb  att_util.o [8]
ATT_ParseReadBlobReq    0x00017187     0xa  Code  Gb  att_util.o [8]
ATT_ParseReadByTypeReq  0x000170fb    0x3c  Code  Gb  att_util.o [8]
ATT_ParseReadMultiReq   0x000171af    0x20  Code  Gb  att_util.o [8]
ATT_ParseReadReq        0x00017139     0xa  Code  Gb  att_util.o [8]
ATT_ParseWriteReq       0x00017157    0x2a  Code  Gb  att_util.o [8]
ATT_PrepareWriteRsp     0x000112e1    0x1a  Code  Gb  att_server.o [8]
ATT_ReadBlobRsp         0x00011279    0x16  Code  Gb  att_server.o [8]
ATT_ReadByGrpTypeRsp    0x000112b3    0x22  Code  Gb  att_server.o [8]
ATT_ReadByTypeRsp       0x00011231    0x22  Code  Gb  att_server.o [8]
ATT_ReadMultiRsp        0x00011295    0x16  Code  Gb  att_server.o [8]
ATT_ReadRsp             0x0001125d    0x14  Code  Gb  att_server.o [8]
ATT_RegisterServer      0x000111b1     0x6  Code  Gb  att_server.o [8]
ATT_UpdateMTU           0x0001735d    0x2a  Code  Gb  att_util.o [8]
ATT_WriteRsp            0x000112d5     0xc  Code  Gb  att_server.o [8]
AddRoundKeySubBytes_Sw {Abs}
                        0x10016c29    0x1a  Code  Gb  ble_rom_patch.symbols [2]
AesCcm_authEncrypt_Sw {Abs}
                        0x10018a19    0x1a  Code  Gb  ble_rom_patch.symbols [2]
AesCcm_decryptAuth_Sw {Abs}
                        0x10018a35    0x18  Code  Gb  ble_rom_patch.symbols [2]
AesCcm_getNumBlocks_Sw {Abs}
                        0x10018b09     0x4  Code  Gb  ble_rom_patch.symbols [2]
Aes_decrypt_Sw {Abs}    0x10018ac5    0x2a  Code  Gb  ble_rom_patch.symbols [2]
Aes_encrypt_Sw {Abs}    0x10018a99    0x2a  Code  Gb  ble_rom_patch.symbols [2]
COMMON_RAM_BASE_ADDR {Abs}
                        0x20004f2c           --   Gb  ble_rom_patch.symbols [2]
COMMON_ROM_BASE_ADDR {Abs}
                        0x10014c01           --   Gb  ble_rom_patch.symbols [2]
CommonROM_Init          0x0001c565    0x1e  Code  Gb  rom_jt.o [1]
ENTRY$$Base             0x0000fe50           --   Gb  - Linker created -
ENTRY$$Limit            0x0000fe80           --   Gb  - Linker created -
FFMult_Sw {Abs}         0x10016d05    0x22  Code  Gb  ble_rom_patch.symbols [2]
Fill1_1 {Abs}           0x1000d9ec   0x610   --   Gb  ble_rom_patch.symbols [2]
GAPBondMgr_CheckNVLen   0x00013d29    0x36  Code  Gb  gapbondmgr.o [1]
GAPBondMgr_GetParameter
                        0x000132a9    0xa8  Code  Gb  gapbondmgr.o [1]
GAPBondMgr_Init         0x00013bc5    0x2e  Code  Gb  gapbondmgr.o [1]
GAPBondMgr_LinkEst      0x00013351   0x132  Code  Gb  gapbondmgr.o [1]
GAPBondMgr_LinkTerm     0x00013483    0x4e  Code  Gb  gapbondmgr.o [1]
GAPBondMgr_PasscodeRsp  0x000135f7    0x32  Code  Gb  gapbondmgr.o [1]
GAPBondMgr_ProcessEvent
                        0x00013bf9   0x12a  Code  Gb  gapbondmgr.o [1]
GAPBondMgr_ProcessGAPMsg
                        0x00013629   0x194  Code  Gb  gapbondmgr.o [1]
GAPBondMgr_Register     0x000135dd    0x1a  Code  Gb  gapbondmgr.o [1]
GAPBondMgr_ResolveAddr  0x000134d1    0xbe  Code  Gb  gapbondmgr.o [1]
GAPBondMgr_SetParameter
                        0x00013119   0x190  Code  Gb  gapbondmgr.o [1]
GAPBondMgr_UpdateCharCfg
                        0x0001358f    0x4e  Code  Gb  gapbondmgr.o [1]
GAP_Authenticate        0x00015875    0x9c  Code  Gb  gap_linkmgr.o [8]
GAP_Bond                0x000159af    0x76  Code  Gb  gap_linkmgr.o [8]
GAP_ConfigDeviceAddr    0x000153ff    0xcc  Code  Gb  gap_configmgr.o [8]
GAP_DeviceInit          0x00014cf5    0x34  Code  Gb  gap.o [1]
GAP_EndDiscoverable     0x00014e43    0x4c  Code  Gb  gap_peridevmgr.o [8]
GAP_GetIRK              0x000153f9     0x6  Code  Gb  gap_configmgr.o [8]
GAP_GetParamValue       0x00015383    0x12  Code  Gb  gap_configmgr.o [8]
GAP_Init                0x00016513    0x16  Code  Gb  gap_task.o [8]
GAP_MakeDiscoverable    0x00014d49    0x92  Code  Gb  gap_peridevmgr.o [8]
GAP_NumActiveConnections
                        0x000165f1     0x4  Code  Gb  gap_task.o [8]
GAP_ParamsInit          0x00015395    0x28  Code  Gb  gap_configmgr.o [8]
GAP_PasscodeUpdate      0x00015963    0x4c  Code  Gb  gap_linkmgr.o [8]
GAP_PasskeyUpdate       0x0001592f    0x34  Code  Gb  gap_linkmgr.o [8]
GAP_PeriConnRegister    0x00016123    0x24  Code  Gb  gap_perilinkmgr.o [8]
GAP_PeriDevMgrInit      0x00014f97    0x6e  Code  Gb  gap_peridevmgr.o [8]
GAP_PrivacyInit         0x000153d7    0x18  Code  Gb  gap_configmgr.o [8]
GAP_ProcessEvent        0x00016529    0xc8  Code  Gb  gap_task.o [8]
GAP_RegisterBondMgrCBs  0x000167cb     0x6  Code  Gb  gap_task.o [8]
GAP_RegisterForMsgs     0x0001650d     0x6  Code  Gb  gap_task.o [8]
GAP_RemoveAdvToken      0x00014f39    0x3e  Code  Gb  gap_peridevmgr.o [8]
GAP_ResolvePrivateAddr  0x00016039     0x4  Code  Gb  gap_devmgr.o [8]
GAP_SecParamsInit       0x000153bd    0x1a  Code  Gb  gap_configmgr.o [8]
GAP_SendSlaveSecurityRequest
                        0x000160e9    0x3a  Code  Gb  gap_perilinkmgr.o [8]
GAP_SetAdvToken         0x00014e8f    0x9e  Code  Gb  gap_peridevmgr.o [8]
GAP_SetParamValue       0x00015369    0x1a  Code  Gb  gap_configmgr.o [8]
GAP_Signable            0x0001582d    0x48  Code  Gb  gap_linkmgr.o [8]
GAP_TerminateAuth       0x00015911    0x1e  Code  Gb  gap_linkmgr.o [8]
GAP_TerminateLinkReq    0x000156b9    0x7a  Code  Gb  gap_linkmgr.o [8]
GAP_UpdateAdvTokens     0x00014f83    0x14  Code  Gb  gap_peridevmgr.o [8]
GAP_UpdateAdvertisingData
                        0x00014ddb    0x68  Code  Gb  gap_peridevmgr.o [8]
GAP_UpdateLinkParamReq  0x00015733    0x68  Code  Gb  gap_linkmgr.o [8]
GAP_UpdateLinkParamReqReply
                        0x0001579b    0x86  Code  Gb  gap_linkmgr.o [8]
GATTServApp_AddService  0x000115e3    0x16  Code  Gb  gattservapp.o [8]
GATTServApp_DeregisterService
                        0x00011487    0x44  Code  Gb  gattservapp.o [8]
GATTServApp_GetParameter
                        0x00011529    0x14  Code  Gb  gattservapp.o [8]
GATTServApp_Init        0x000113a5    0x4e  Code  Gb  gattservapp.o [8]
GATTServApp_InitCharCfg
                        0x000173b9    0x34  Code  Gb  gattservapp_util.o [1]
GATTServApp_ProcessEvent
                        0x000113f3    0x3e  Code  Gb  gattservapp.o [8]
GATTServApp_ReadAttr    0x00012019   0x1f4  Code  Gb  gattservapp.o [8]
GATTServApp_ReadCharCfg
                        0x000173ed     0xc  Code  Gb  gattservapp_util.o [1]
GATTServApp_RegisterForMsg
                        0x0001139d     0x8  Code  Gb  gattservapp.o [8]
GATTServApp_RegisterService
                        0x00011431    0x56  Code  Gb  gattservapp.o [8]
GATTServApp_SendCCCUpdatedEvent
                        0x0001230b    0x36  Code  Gb  gattservapp.o [8]
GATTServApp_SetParameter
                        0x000114cb    0x5e  Code  Gb  gattservapp.o [8]
GATTServApp_TaskID      0x2000482c     0x1  Data  Gb  gattservapp.o [8]
GATTServApp_UpdateCharCfg
                        0x00012299    0x1e  Code  Gb  gattservapp.o [8]
GATTServApp_WriteAttr   0x00012211    0x7a  Code  Gb  gattservapp.o [8]
GATT_AppCompletedMsg    0x00014379    0x28  Code  Gb  gatt_task.o [8]
GATT_DeregisterService  0x00012455    0x40  Code  Gb  gatt_server.o [8]
GATT_FindHandle         0x00012585    0x4c  Code  Gb  gatt_server.o [8]
GATT_FindHandleUUID     0x00012527    0x5e  Code  Gb  gatt_server.o [8]
GATT_FindNextAttr       0x000125d1    0x7a  Code  Gb  gatt_server.o [8]
GATT_GetNextHandle      0x00012d85     0x6  Code  Gb  gatt_server.o [8]
GATT_Indication         0x00012725    0x6c  Code  Gb  gatt_server.o [8]
GATT_Init               0x000143a1    0x1e  Code  Gb  gatt_task.o [8]
GATT_InitServer         0x00012351    0x68  Code  Gb  gatt_server.o [8]
GATT_Notification       0x00012791    0x4a  Code  Gb  gatt_server.o [8]
GATT_NotifyEvent        0x0001450b    0x14  Code  Gb  gatt_task.o [8]
GATT_ProcessEvent       0x000143bf    0x30  Code  Gb  gatt_task.o [8]
GATT_RegisterForMsgs    0x00014367     0x6  Code  Gb  gatt_task.o [8]
GATT_RegisterForReq     0x00012495     0x8  Code  Gb  gatt_server.o [8]
GATT_RegisterService    0x000123b9    0x9c  Code  Gb  gatt_server.o [8]
GATT_SendRsp            0x00012671    0xb4  Code  Gb  gatt_server.o [8]
GATT_ServiceEncKeySize  0x00012661    0x10  Code  Gb  gatt_server.o [8]
GATT_ServiceNumAttrs    0x00012655     0xc  Code  Gb  gatt_server.o [8]
GATT_SetHostToAppFlowCtrl
                        0x0001436d     0xc  Code  Gb  gatt_task.o [8]
GATT_UpdateMTU          0x0001451f    0x26  Code  Gb  gatt_task.o [8]
GATT_VerifyReadPermissions
                        0x0001249d    0x36  Code  Gb  gatt_server.o [8]
GATT_VerifyWritePermissions
                        0x000124d3    0x54  Code  Gb  gatt_server.o [8]
GATT_bm_alloc           0x000145c9    0x78  Code  Gb  gatt_task.o [8]
GATT_bm_free            0x00014641    0x12  Code  Gb  gatt_task.o [8]
GGS_AddService          0x000162af    0x18  Code  Gb  gapgattserver.o [8]
GGS_GetParameter        0x00016279    0x36  Code  Gb  gapgattserver.o [8]
GGS_RegisterAppCBs      0x000162c7     0x6  Code  Gb  gapgattserver.o [8]
GGS_SetParameter        0x000161f9    0x80  Code  Gb  gapgattserver.o [8]
HCI_CommandCompleteEvent {Abs}
                        0x10008add    0xac  Code  Gb  ble_rom_patch.symbols [2]
HCI_CommandStatusEvent {Abs}
                        0x10008ba1    0x54  Code  Gb  ble_rom_patch.symbols [2]
HCI_DataBufferOverflowEvent {Abs}
                        0x10008a2d    0x24  Code  Gb  ble_rom_patch.symbols [2]
HCI_DisconnectCmd {Abs}
                        0x10009525    0x1a  Code  Gb  ble_rom_patch.symbols [2]
HCI_EXT_AdvEventNoticeCmd {Abs}
                        0x1000a0f1     0xa  Code  Gb  ble_rom_patch.symbols [2]
HCI_EXT_BuildRevisionCmd {Abs}
                        0x1000a109    0x4a  Code  Gb  ble_rom_patch.symbols [2]
HCI_EXT_ClkDivOnHaltCmd {Abs}
                        0x10009d79    0x1e  Code  Gb  ble_rom_patch.symbols [2]
HCI_EXT_ConnEventNoticeCmd
                        0x00013017     0x4  Code  Gb  hci_patch.o [4]
HCI_EXT_DeclareNvUsageCmd {Abs}
                        0x10009dad    0x22  Code  Gb  ble_rom_patch.symbols [2]
HCI_EXT_DecryptCmd {Abs}
                        0x10009dd1    0x5a  Code  Gb  ble_rom_patch.symbols [2]
HCI_EXT_DelaySleepCmd   0x00012ff3    0x1c  Code  Gb  hci_patch.o [4]
HCI_EXT_DisconnectImmedCmd {Abs}
                        0x1000a011    0x1e  Code  Gb  ble_rom_patch.symbols [2]
HCI_EXT_EnablePTMCmd {Abs}
                        0x10009f69    0x16  Code  Gb  ble_rom_patch.symbols [2]
HCI_EXT_EndModemTestCmd {Abs}
                        0x10009eed    0x1e  Code  Gb  ble_rom_patch.symbols [2]
HCI_EXT_ExtendRfRangeCmd {Abs}
                        0x1000a095    0x3a  Code  Gb  ble_rom_patch.symbols [2]
HCI_EXT_GetConnInfoCmd  0x00012e83    0x8e  Code  Gb  hci_patch.o [4]
HCI_EXT_HaltDuringRfCmd {Abs}
                        0x1000a0d1    0x1e  Code  Gb  ble_rom_patch.symbols [2]
HCI_EXT_MapPmIoPortCmd {Abs}
                        0x10009ff1    0x1e  Code  Gb  ble_rom_patch.symbols [2]
HCI_EXT_ModemHopTestTxCmd {Abs}
                        0x10009ead    0x1e  Code  Gb  ble_rom_patch.symbols [2]
HCI_EXT_ModemTestRxCmd {Abs}
                        0x10009ecd    0x1e  Code  Gb  ble_rom_patch.symbols [2]
HCI_EXT_ModemTestTxCmd {Abs}
                        0x10009e8d    0x1e  Code  Gb  ble_rom_patch.symbols [2]
HCI_EXT_NumComplPktsLimitCmd {Abs}
                        0x1000a1b5    0x1e  Code  Gb  ble_rom_patch.symbols [2]
HCI_EXT_OnePktPerEvtCmd {Abs}
                        0x10009d45    0x26  Code  Gb  ble_rom_patch.symbols [2]
HCI_EXT_OverlappedProcessingCmd {Abs}
                        0x1000a195    0x1e  Code  Gb  ble_rom_patch.symbols [2]
HCI_EXT_PERbyChanCmd {Abs}
                        0x1000a075    0x1e  Code  Gb  ble_rom_patch.symbols [2]
HCI_EXT_PacketErrorRateCmd {Abs}
                        0x1000a031    0x36  Code  Gb  ble_rom_patch.symbols [2]
HCI_EXT_ResetSystemCmd  0x00012fcd    0x26  Code  Gb  hci_patch.o [4]
HCI_EXT_SaveFreqTuneCmd {Abs}
                        0x10009fb1    0x1e  Code  Gb  ble_rom_patch.symbols [2]
HCI_EXT_SetBDADDRCmd {Abs}
                        0x10009f0d    0x3a  Code  Gb  ble_rom_patch.symbols [2]
HCI_EXT_SetFastTxResponseTimeCmd {Abs}
                        0x10009e4d    0x1e  Code  Gb  ble_rom_patch.symbols [2]
HCI_EXT_SetFreqTuneCmd {Abs}
                        0x10009f81    0x1e  Code  Gb  ble_rom_patch.symbols [2]
HCI_EXT_SetLocalSupportedFeaturesCmd {Abs}
                        0x10009e2d    0x1e  Code  Gb  ble_rom_patch.symbols [2]
HCI_EXT_SetMaxDtmTxPowerCmd {Abs}
                        0x10009fd1    0x1e  Code  Gb  ble_rom_patch.symbols [2]
HCI_EXT_SetRxGainCmd {Abs}
                        0x10009cd5    0x34  Code  Gb  ble_rom_patch.symbols [2]
HCI_EXT_SetSCACmd {Abs}
                        0x10009f49    0x1e  Code  Gb  ble_rom_patch.symbols [2]
HCI_EXT_SetSlaveLatencyOverrideCmd {Abs}
                        0x10009e6d    0x1e  Code  Gb  ble_rom_patch.symbols [2]
HCI_EXT_SetTxPowerCmd {Abs}
                        0x10009d09    0x3a  Code  Gb  ble_rom_patch.symbols [2]
HCI_GAPTaskRegister     0x0001aaef     0x6  Code  Gb  hci_tl.o [5]
HCI_HardwareErrorEvent {Abs}
                        0x10008bf5    0x2e  Code  Gb  ble_rom_patch.symbols [2]
HCI_HostBufferSizeCmd {Abs}
                        0x10009631    0x2c  Code  Gb  ble_rom_patch.symbols [2]
HCI_HostNumCompletedPktCmd {Abs}
                        0x1000965d    0x5a  Code  Gb  ble_rom_patch.symbols [2]
HCI_Init                0x0001aa81    0x32  Code  Gb  hci_tl.o [5]
HCI_L2CAPTaskRegister   0x0001aaf5     0x6  Code  Gb  hci_tl.o [5]
HCI_LE_AddWhiteListCmd {Abs}
                        0x10009a15    0x1c  Code  Gb  ble_rom_patch.symbols [2]
HCI_LE_ClearWhiteListCmd {Abs}
                        0x100099f9    0x1c  Code  Gb  ble_rom_patch.symbols [2]
HCI_LE_ConnUpdateCmd    0x00012fbd    0x10  Code  Gb  hci_patch.o [4]
HCI_LE_EncryptCmd {Abs}
                        0x10009af5    0x40  Code  Gb  ble_rom_patch.symbols [2]
HCI_LE_LtkReqNegReplyCmd {Abs}
                        0x10009be1    0x1c  Code  Gb  ble_rom_patch.symbols [2]
HCI_LE_LtkReqReplyCmd {Abs}
                        0x10009bc5    0x1c  Code  Gb  ble_rom_patch.symbols [2]
HCI_LE_RandCmd {Abs}    0x10009b51    0x3c  Code  Gb  ble_rom_patch.symbols [2]
HCI_LE_ReadAdvChanTxPowerCmd {Abs}
                        0x100098f5    0x20  Code  Gb  ble_rom_patch.symbols [2]
HCI_LE_ReadBufSizeCmd   0x00012f11    0x26  Code  Gb  hci_patch.o [4]
HCI_LE_ReadChannelMapCmd {Abs}
                        0x10009aa1    0x36  Code  Gb  ble_rom_patch.symbols [2]
HCI_LE_ReadLocalSupportedFeaturesCmd {Abs}
                        0x10009829    0x1e  Code  Gb  ble_rom_patch.symbols [2]
HCI_LE_ReadRemoteUsedFeaturesCmd
                        0x00012f47    0x2a  Code  Gb  hci_patch.o [4]
HCI_LE_ReadSupportedStatesCmd {Abs}
                        0x10009c15    0x22  Code  Gb  ble_rom_patch.symbols [2]
HCI_LE_ReadWhiteListSizeCmd {Abs}
                        0x100099c9    0x20  Code  Gb  ble_rom_patch.symbols [2]
HCI_LE_ReceiverTestCmd  0x00012f83    0x12  Code  Gb  hci_patch.o [4]
HCI_LE_RemoteConnParamReqNegReplyCmd
                        0x00012f43     0x4  Code  Gb  hci_patch.o [4]
HCI_LE_RemoteConnParamReqReplyCmd
                        0x00012f3f     0x4  Code  Gb  hci_patch.o [4]
HCI_LE_RemoveWhiteListCmd {Abs}
                        0x10009a31    0x1c  Code  Gb  ble_rom_patch.symbols [2]
HCI_LE_SetAdvDataCmd {Abs}
                        0x100098a1    0x1c  Code  Gb  ble_rom_patch.symbols [2]
HCI_LE_SetAdvEnableCmd {Abs}
                        0x100098d9    0x1c  Code  Gb  ble_rom_patch.symbols [2]
HCI_LE_SetAdvParamCmd {Abs}
                        0x1000986d    0x34  Code  Gb  ble_rom_patch.symbols [2]
HCI_LE_SetEventMaskCmd  0x0001301b    0x1e  Code  Gb  hci_patch.o [4]
HCI_LE_SetRandomAddressCmd {Abs}
                        0x10009849    0x24  Code  Gb  ble_rom_patch.symbols [2]
HCI_LE_SetScanRspDataCmd {Abs}
                        0x100098bd    0x1c  Code  Gb  ble_rom_patch.symbols [2]
HCI_LE_TestEndCmd {Abs}
                        0x10009c8d    0x32  Code  Gb  ble_rom_patch.symbols [2]
HCI_LE_TransmitterTestCmd
                        0x00012f71    0x12  Code  Gb  hci_patch.o [4]
HCI_NumOfCompletedPacketsEvent
                        0x00018ccf    0xbc  Code  Gb  hci_event_patch.o [4]
HCI_ProcessEvent        0x0001aab3    0x3c  Code  Gb  hci_tl.o [5]
HCI_ReadBDADDRCmd {Abs}
                        0x10009765    0x26  Code  Gb  ble_rom_patch.symbols [2]
HCI_ReadLocalSupportedCommandsCmd
                        0x00012e6f    0x14  Code  Gb  hci_patch.o [4]
HCI_ReadLocalSupportedFeaturesCmd {Abs}
                        0x1000973d    0x20  Code  Gb  ble_rom_patch.symbols [2]
HCI_ReadLocalVersionInfoCmd
                        0x00013051    0x58  Code  Gb  hci_patch.o [4]
HCI_ReadRemoteVersionInfoCmd {Abs}
                        0x10009541    0x30  Code  Gb  ble_rom_patch.symbols [2]
HCI_ReadRssiCmd         0x000130a9    0x2c  Code  Gb  hci_patch.o [4]
HCI_ReadTransmitPowerLevelCmd {Abs}
                        0x100095d1    0x22  Code  Gb  ble_rom_patch.symbols [2]
HCI_ResetCmd            0x00012e4d    0x22  Code  Gb  hci_patch.o [4]
HCI_ReverseBytes {Abs}  0x1000d7cd    0x1e  Code  Gb  ble_rom_patch.symbols [2]
HCI_SMPTaskRegister     0x0001aafb     0x6  Code  Gb  hci_tl.o [5]
HCI_SendCommandCompleteEvent {Abs}
                        0x10008c81    0xb0  Code  Gb  ble_rom_patch.symbols [2]
HCI_SendCommandStatusEvent {Abs}
                        0x10008c59    0x28  Code  Gb  ble_rom_patch.symbols [2]
HCI_SendControllerToHostEvent {Abs}
                        0x10008d31    0x50  Code  Gb  ble_rom_patch.symbols [2]
HCI_SendDataPkt {Abs}   0x100094e9    0x3a  Code  Gb  ble_rom_patch.symbols [2]
HCI_SetControllerToHostFlowCtrlCmd {Abs}
                        0x100095f5    0x3c  Code  Gb  ble_rom_patch.symbols [2]
HCI_SetEventMaskCmd {Abs}
                        0x10009571    0x2c  Code  Gb  ble_rom_patch.symbols [2]
HCI_SetEventMaskPage2Cmd
                        0x00012f95    0x1e  Code  Gb  hci_patch.o [4]
HCI_ValidConnTimeParams
                        0x00012e11    0x3c  Code  Gb  hci_patch.o [4]
HCI_VendorSpecifcCommandCompleteEvent
                        0x00018fc9    0x58  Code  Gb  hci_event_patch.o [4]
HCI_bm_alloc {Abs}      0x100094a1     0xc  Code  Gb  ble_rom_patch.symbols [2]
HalFlashGetAddress      0x00019087    0x16  Code  Gb  hal_flash_wrapper.o [1]
HalFlashRead            0x00019045    0x30  Code  Gb  hal_flash_wrapper.o [1]
HalFlashWrite           0x0001907d     0xa  Code  Gb  hal_flash_wrapper.o [1]
HalTRNG_GetTRNG         0x0001b091    0x2e  Code  Gb  hal_trng_wrapper.o [1]
HalTRNG_InitTRNG        0x0001b075    0x1c  Code  Gb  hal_trng_wrapper.o [1]
ICall_abort             0x000109db    0x1e  Code  Lc  osal.o [1]
ICall_dispatcher        0x200047d8     0x4  Data  Gb  icall_startup.o [1]
ICall_enrollService     0x00016ef1    0x30  Code  Lc  osal_icall_ble.o [1]
ICall_enterCriticalSection
                        0x200047dc     0x4  Data  Gb  icall_startup.o [1]
ICall_getTicks          0x00016bc1    0x1c  Code  Lc  osal_timers.o [1]
ICall_leaveCriticalSection
                        0x200047e0     0x4  Data  Gb  icall_startup.o [1]
ICall_pwrDispense       0x0001be19     0xe  Code  Lc  ll_enc_patch.o [4]
ICall_pwrRequire        0x0001be09    0x10  Code  Lc  ll_enc_patch.o [4]
ICall_pwrUpdActivityCounter
                        0x00016e51    0x22  Code  Lc  osal_pwrmgr.o [1]
ICall_send              0x000109b1    0x2a  Code  Lc  osal.o [1]
ICall_signal            0x00010995    0x1c  Code  Lc  osal.o [1]
IOCapMatrix             0x0001a6c8    0x1c  Data  Lc  sm_pairing.o [8]
IntMasterDisable        0x0001c525     0x6  Code  Lc  rom_jt.o [1]
IntMasterEnable         0x0001c51d     0x8  Code  Lc  rom_jt.o [1]
InvAddRoundKey_Sw {Abs}
                        0x10016da1    0x26  Code  Gb  ble_rom_patch.symbols [2]
InvMixColumns_Sw {Abs}  0x10016ed5    0x70  Code  Gb  ble_rom_patch.symbols [2]
InvRoundKey_Sw {Abs}    0x10016dc9    0xc4  Code  Gb  ble_rom_patch.symbols [2]
InvShiftRows_Sw {Abs}   0x10016ea1    0x32  Code  Gb  ble_rom_patch.symbols [2]
InvSubBytes_Sw {Abs}    0x10016e8d    0x14  Code  Gb  ble_rom_patch.symbols [2]
L2CAP_BuildCmdReject    0x000148e1    0x3e  Code  Gb  l2cap_util.o [8]
L2CAP_CmdReject         0x000110e9     0xe  Code  Gb  l2cap_if.o [8]
L2CAP_ConnParamUpdateReq
                        0x000110f7    0x36  Code  Gb  l2cap_if.o [8]
L2CAP_GetMTU            0x0001118f     0x6  Code  Gb  l2cap_if.o [8]
L2CAP_HostNumCompletedPkts
                        0x0001116d    0x16  Code  Gb  l2cap_if.o [8]
L2CAP_Init              0x0001ac6d    0x62  Code  Gb  l2cap_task.o [8]
L2CAP_ParseParamUpdateReq
                        0x0001498b    0x3a  Code  Gb  l2cap_util.o [8]
L2CAP_ProcessEvent      0x0001accf    0x6e  Code  Gb  l2cap_task.o [8]
L2CAP_RegisterApp       0x0001105d    0x2a  Code  Gb  l2cap_if.o [8]
L2CAP_SendData          0x00011087    0x62  Code  Gb  l2cap_if.o [8]
L2CAP_SetBufSize        0x00011183     0xc  Code  Gb  l2cap_if.o [8]
L2CAP_SetControllerToHostFlowCtrl
                        0x00011133    0x3a  Code  Gb  l2cap_if.o [8]
L2CAP_SetUserConfig     0x000111ad     0x2  Code  Gb  l2cap_if.o [8]
L2CAP_bm_alloc          0x00014c11    0x1a  Code  Gb  l2cap_util.o [8]
LL_AddWhiteListDevice {Abs}
                        0x10005739    0x2a  Code  Gb  ble_rom_patch.symbols [2]
LL_AdvReportCback {Abs}
                        0x10008d81   0x120  Code  Gb  ble_rom_patch.symbols [2]
LL_ClearWhiteList {Abs}
                        0x10005719    0x20  Code  Gb  ble_rom_patch.symbols [2]
LL_ConnActive {Abs}     0x1000678d    0x2e  Code  Gb  ble_rom_patch.symbols [2]
LL_ConnParamUpdateCback
                        0x00018bd1    0x92  Code  Gb  hci_event_patch.o [4]
LL_ConnectionCompleteCback {Abs}
                        0x10008ead   0x140  Code  Gb  ble_rom_patch.symbols [2]
LL_CtrlToHostFlowControl {Abs}
                        0x100058d5    0x14  Code  Gb  ble_rom_patch.symbols [2]
LL_DirectTestEnd        0x00018741    0x7a  Code  Gb  ll_patch.o [4]
LL_DirectTestEndDoneCback {Abs}
                        0x10009471    0x24  Code  Gb  ble_rom_patch.symbols [2]
LL_DirectTestRxTest     0x0001863d    0xca  Code  Gb  ll_patch.o [4]
LL_DirectTestTxTest     0x000184c3   0x170  Code  Gb  ll_patch.o [4]
LL_Disconnect {Abs}     0x10005a39    0x66  Code  Gb  ble_rom_patch.symbols [2]
LL_DisconnectCback {Abs}
                        0x10009005    0x80  Code  Gb  ble_rom_patch.symbols [2]
LL_DoorbellErrorCback   0x0001d967    0x10  Code  Gb  ll_isr.o [4]
LL_ENC_AES128_Decrypt {Abs}
                        0x1000b639    0x40  Code  Gb  ble_rom_patch.symbols [2]
LL_ENC_AES128_Encrypt {Abs}
                        0x1000b5f5    0x42  Code  Gb  ble_rom_patch.symbols [2]
LL_ENC_Decrypt          0x0001bea3    0x9e  Code  Gb  ll_enc_patch.o [4]
LL_ENC_DecryptMsg {Abs}
                        0x1000b851   0x112  Code  Gb  ble_rom_patch.symbols [2]
LL_ENC_Encrypt          0x0001be35    0x6e  Code  Gb  ll_enc_patch.o [4]
LL_ENC_EncryptMsg {Abs}
                        0x1000b721   0x12e  Code  Gb  ble_rom_patch.symbols [2]
LL_ENC_GenDeviceIV {Abs}
                        0x1000b555    0x14  Code  Gb  ble_rom_patch.symbols [2]
LL_ENC_GenDeviceSKD {Abs}
                        0x1000b541    0x12  Code  Gb  ble_rom_patch.symbols [2]
LL_ENC_GenerateNonce {Abs}
                        0x1000b569    0x22  Code  Gb  ble_rom_patch.symbols [2]
LL_ENC_GeneratePseudoRandNum {Abs}
                        0x1000b50d    0x10  Code  Gb  ble_rom_patch.symbols [2]
LL_ENC_GenerateTrueRandNum {Abs}
                        0x1000b51d    0x22  Code  Gb  ble_rom_patch.symbols [2]
LL_ENC_Init {Abs}       0x1000b4c9    0x22  Code  Gb  ble_rom_patch.symbols [2]
LL_ENC_LoadKey {Abs}    0x1000b58d    0x68  Code  Gb  ble_rom_patch.symbols [2]
LL_ENC_ReverseBytes {Abs}
                        0x1000b4ed    0x1e  Code  Gb  ble_rom_patch.symbols [2]
LL_EXT_AdvEventNotice {Abs}
                        0x10007025    0x18  Code  Gb  ble_rom_patch.symbols [2]
LL_EXT_BuildRevision    0x00018acd    0x28  Code  Gb  ll_patch.o [4]
LL_EXT_ClkDivOnHalt {Abs}
                        0x10006b7d     0x4  Code  Gb  ble_rom_patch.symbols [2]
LL_EXT_ConnEventNotice  0x00018a75    0x2a  Code  Gb  ll_patch.o [4]
LL_EXT_DeclareNvUsage {Abs}
                        0x10006b81     0x4  Code  Gb  ble_rom_patch.symbols [2]
LL_EXT_Decrypt {Abs}    0x10006b85    0x20  Code  Gb  ble_rom_patch.symbols [2]
LL_EXT_DelaySleep {Abs}
                        0x100070a1    0x32  Code  Gb  ble_rom_patch.symbols [2]
LL_EXT_EndModemTest     0x0001849d    0x26  Code  Gb  ll_patch.o [4]
LL_EXT_ExtendRfRange {Abs}
                        0x1000701d     0x4  Code  Gb  ble_rom_patch.symbols [2]
LL_EXT_ExtendRfRangeCback {Abs}
                        0x1000a2ad    0x10  Code  Gb  ble_rom_patch.symbols [2]
LL_EXT_GetConnInfo      0x00017fe1    0xa4  Code  Gb  ll_patch.o [4]
LL_EXT_HaltDuringRf {Abs}
                        0x10007021     0x4  Code  Gb  ble_rom_patch.symbols [2]
LL_EXT_MapPmIoPort {Abs}
                        0x10006f49     0x4  Code  Gb  ble_rom_patch.symbols [2]
LL_EXT_ModemHopTestTx   0x000182e1    0x9a  Code  Gb  ll_patch.o [4]
LL_EXT_ModemTestRx      0x00018405    0x70  Code  Gb  ll_patch.o [4]
LL_EXT_ModemTestTx      0x00018381    0x7e  Code  Gb  ll_patch.o [4]
LL_EXT_NumComplPktsLimit
                        0x00018aa5    0x22  Code  Gb  ll_patch.o [4]
LL_EXT_OnePacketPerEvent {Abs}
                        0x10006b59    0x20  Code  Gb  ble_rom_patch.symbols [2]
LL_EXT_OverlappedProcessing {Abs}
                        0x10007109     0x4  Code  Gb  ble_rom_patch.symbols [2]
LL_EXT_PERbyChan {Abs}  0x10006fed    0x1e  Code  Gb  ble_rom_patch.symbols [2]
LL_EXT_PacketErrorRate {Abs}
                        0x10006f99    0x52  Code  Gb  ble_rom_patch.symbols [2]
LL_EXT_PacketErrorRateCback {Abs}
                        0x1000a259    0x52  Code  Gb  ble_rom_patch.symbols [2]
LL_EXT_ResetSystem {Abs}
                        0x100070d5    0x34  Code  Gb  ble_rom_patch.symbols [2]
LL_EXT_SaveFreqTune {Abs}
                        0x10006efd     0x4  Code  Gb  ble_rom_patch.symbols [2]
LL_EXT_SetBDADDR {Abs}  0x10006e01    0x82  Code  Gb  ble_rom_patch.symbols [2]
LL_EXT_SetFastTxResponseTime {Abs}
                        0x10006bc5    0x16  Code  Gb  ble_rom_patch.symbols [2]
LL_EXT_SetFreqTune {Abs}
                        0x10006ef9     0x4  Code  Gb  ble_rom_patch.symbols [2]
LL_EXT_SetLocalSupportedFeatures
                        0x0001815f    0x32  Code  Gb  ll_patch.o [4]
LL_EXT_SetMaxDtmTxPower
                        0x000181cd    0x16  Code  Gb  ll_patch.o [4]
LL_EXT_SetRxGain {Abs}  0x10006ad9     0xe  Code  Gb  ble_rom_patch.symbols [2]
LL_EXT_SetRxGainCback {Abs}
                        0x1000a201    0x10  Code  Gb  ble_rom_patch.symbols [2]
LL_EXT_SetSCA {Abs}     0x10006e85    0x74  Code  Gb  ble_rom_patch.symbols [2]
LL_EXT_SetSlaveLatencyOverride {Abs}
                        0x10006bdd    0x24  Code  Gb  ble_rom_patch.symbols [2]
LL_EXT_SetTxPower       0x00018195    0x2c  Code  Gb  ll_patch.o [4]
LL_EXT_SetTxPowerCback {Abs}
                        0x1000a211    0x10  Code  Gb  ble_rom_patch.symbols [2]
LL_EncChangeCback {Abs}
                        0x1000933d    0x6a  Code  Gb  ble_rom_patch.symbols [2]
LL_EncKeyRefreshCback {Abs}
                        0x100093dd    0x6a  Code  Gb  ble_rom_patch.symbols [2]
LL_EncLtkNegReply       0x000180d3    0x3c  Code  Gb  ll_patch.o [4]
LL_EncLtkReply          0x0001808d    0x46  Code  Gb  ll_patch.o [4]
LL_EncLtkReqCback {Abs}
                        0x1000925d    0xde  Code  Gb  ble_rom_patch.symbols [2]
LL_Encrypt {Abs}        0x100057d5    0x20  Code  Gb  ble_rom_patch.symbols [2]
LL_EnhancedConnectionCompleteCback
                        0x00018daf   0x1e0  Code  Gb  hci_event_patch.o [4]
LL_GetNumActiveConns    0x00018a03     0xc  Code  Gb  ll_patch.o [4]
LL_Init                 0x00017b59   0x258  Code  Gb  ll_patch.o [4]
LL_LastCmdDoneCback     0x0001d979   0x1b4  Code  Gb  ll_isr.o [4]
LL_NumEmptyWlEntries {Abs}
                        0x100057b9    0x14  Code  Gb  ble_rom_patch.symbols [2]
LL_PM_Enter_AES         0x0001bf59    0x16  Code  Gb  ll_sleep.o [4]
LL_PM_Exit_AES          0x0001bf6f    0x12  Code  Gb  ll_sleep.o [4]
LL_PM_GetRfCoreState    0x0001bf55     0x4  Code  Gb  ll_sleep.o [4]
LL_PM_PowerOffRfCore    0x0001bf99     0x2  Code  Gb  ll_sleep.o [4]
LL_ProcessEvent         0x00017dbf   0x110  Code  Gb  ll_patch.o [4]
LL_PseudoRand {Abs}     0x10005801    0x2c  Code  Gb  ble_rom_patch.symbols [2]
LL_RX_bm_alloc {Abs}    0x1000556d    0x22  Code  Gb  ble_rom_patch.symbols [2]
LL_Rand {Abs}           0x100057f5     0xc  Code  Gb  ble_rom_patch.symbols [2]
LL_RandCback {Abs}      0x1000a1d5    0x2a  Code  Gb  ble_rom_patch.symbols [2]
LL_ReadAdvChanTxPower {Abs}
                        0x10006105    0x28  Code  Gb  ble_rom_patch.symbols [2]
LL_ReadBDADDR {Abs}     0x100056c9    0x20  Code  Gb  ble_rom_patch.symbols [2]
LL_ReadChanMap {Abs}    0x100059a1    0x34  Code  Gb  ble_rom_patch.symbols [2]
LL_ReadLocalSupportedFeatures {Abs}
                        0x10005879    0x24  Code  Gb  ble_rom_patch.symbols [2]
LL_ReadLocalVersionInfo {Abs}
                        0x1000589d    0x38  Code  Gb  ble_rom_patch.symbols [2]
LL_ReadRemoteUsedFeatures
                        0x0001810f    0x40  Code  Gb  ll_patch.o [4]
LL_ReadRemoteUsedFeaturesCompleteCback
                        0x00018c63    0x5c  Code  Gb  hci_event_patch.o [4]
LL_ReadRemoteVersionInfo {Abs}
                        0x100058e9    0x6a  Code  Gb  ble_rom_patch.symbols [2]
LL_ReadRemoteVersionInfoCback {Abs}
                        0x100091e1    0x6a  Code  Gb  ble_rom_patch.symbols [2]
LL_ReadRssi             0x00018a0f    0x50  Code  Gb  ll_patch.o [4]
LL_ReadSupportedStates  0x000189e7    0x1c  Code  Gb  ll_patch.o [4]
LL_ReadTxPowerLevel     0x000181e9    0x3e  Code  Gb  ll_patch.o [4]
LL_ReadWlSize {Abs}     0x100057a1    0x16  Code  Gb  ble_rom_patch.symbols [2]
LL_RemoveWhiteListDevice {Abs}
                        0x10005765    0x2c  Code  Gb  ble_rom_patch.symbols [2]
LL_Reset                0x00017ee7    0xfa  Code  Gb  ll_patch.o [4]
LL_RxDataCompleteCback  0x0001c475    0xa8  Code  Gb  hci_data_patch.o [4]
LL_RxEntryDoneCback     0x0001db47   0x134  Code  Gb  ll_isr.o [4]
LL_SetAdvControl        0x000188e5    0xfa  Code  Gb  ll_patch.o [4]
LL_SetAdvData {Abs}     0x10005f89    0x40  Code  Gb  ble_rom_patch.symbols [2]
LL_SetAdvParam          0x000187d5    0xfc  Code  Gb  ll_patch.o [4]
LL_SetRandomAddress {Abs}
                        0x100056e9    0x2e  Code  Gb  ble_rom_patch.symbols [2]
LL_SetScanRspData {Abs}
                        0x1000612d    0x46  Code  Gb  ble_rom_patch.symbols [2]
LL_TX_bm_alloc {Abs}    0x10005549    0x22  Code  Gb  ble_rom_patch.symbols [2]
LL_TaskID {Abs}         0x20004c84     0x1  Data  Gb  ble_rom_patch.symbols [2]
LL_TxData               0x00018227    0xac  Code  Gb  ll_patch.o [4]
LL_TxEntryDoneCback     0x0001db2d    0x1a  Code  Gb  ll_isr.o [4]
MixColumns_Sw {Abs}     0x10016c79    0x8a  Code  Gb  ble_rom_patch.symbols [2]
NOROM_CPUcpsid          0x0001cc81     0x8  Code  Gb  cpu.o [7]
NOROM_CPUcpsie          0x0001cc89     0x8  Code  Gb  cpu.o [7]
NOROM_FlashProgram      0x000190a7     0xc  Code  Gb  flash.o [7]
NOROM_FlashSectorErase  0x0001909d     0xa  Code  Gb  flash.o [7]
NOROM_IntDisable        0x0001cd03    0x4e  Code  Gb  interrupt.o [7]
NOROM_IntEnable         0x0001ccb5    0x4e  Code  Gb  interrupt.o [7]
NOROM_TRNGConfigure     0x0001bdb1    0x2c  Code  Gb  trng.o [7]
NOROM_VIMSModeGet       0x000191a5     0xe  Code  Gb  vims.o [7]
NVOCOP_compactNV        0x00013ee1    0x38  Code  Gb  osal_snv_wrapper.o [1]
NVOCOP_initNV           0x00013e9d    0x44  Code  Gb  osal_snv_wrapper.o [1]
NVOCOP_readItem         0x00013f19    0x30  Code  Gb  osal_snv_wrapper.o [1]
NVOCOP_writeItem        0x00013f49    0xe0  Code  Gb  osal_snv_wrapper.o [1]
NV_FLASH                0x0001e000  0x1000  Data  Gb  osal_snv_wrapper.o [1]
OSAL_timeSeconds        0x200047ec     0x4  Data  Gb  osal_clock.o [1]
Onboard_rand            0x0001434d    0x10  Code  Gb  onboard.o [1]
Onboard_soft_reset      0x0001435d     0x2  Code  Gb  onboard.o [1]
P1_ro_1 {Abs}           0x10005004  0x89e8   --   Gb  ble_rom_patch.symbols [2]
P1_ro_2 {Abs}           0x10019ffe           --   Gb  ble_rom_patch.symbols [2]
P1_ro_2_1 {Abs}         0x1000dffe           --   Gb  ble_rom_patch.symbols [2]
P2_rw {Abs}             0x20004f40           --   Gb  ble_rom_patch.symbols [2]
P2_zi_1 {Abs}           0x200048fc   0x630   --   Gb  ble_rom_patch.symbols [2]
PAGE_SIZE {Abs}         0x00001000          Data  Gb  command line/config [3]
R2F_Flash_JT            0x0001c5b0    0xa8  Data  Gb  rom_jt.o [1]
R2F_Flash_JT_CommonROM  0x0001cb74    0x18  Data  Gb  rom_jt.o [1]
R2R_Flash_JT            0x0001c658   0x51c  Data  Gb  rom_jt.o [1]
R2R_Flash_JT_CommonROM  0x0001cb8c    0xf4  Data  Gb  rom_jt.o [1]
RAM_BASE_ADDR {Abs}     0x200048e8           --   Gb  ble_rom_patch.symbols [2]
RFHAL_AddTxDataEntry    0x0001c3d3    0x60  Code  Gb  ble_patch.o [4]
RFHAL_AllocDataEntry {Abs}
                        0x100184f9    0x4e  Code  Gb  ble_rom_patch.symbols [2]
RFHAL_AllocDataEntryQueue {Abs}
                        0x100184a9    0x1a  Code  Gb  ble_rom_patch.symbols [2]
RFHAL_AllocRatChan {Abs}
                        0x10018315    0x26  Code  Gb  ble_rom_patch.symbols [2]
RFHAL_BuildDataEntryRingBuffer {Abs}
                        0x100185e1    0x7c  Code  Gb  ble_rom_patch.symbols [2]
RFHAL_BuildLinkedBuffer {Abs}
                        0x10018669    0x8e  Code  Gb  ble_rom_patch.symbols [2]
RFHAL_BuildRingBuffer {Abs}
                        0x10018551    0x90  Code  Gb  ble_rom_patch.symbols [2]
RFHAL_FreeDataEntry {Abs}
                        0x10018549     0x8  Code  Gb  ble_rom_patch.symbols [2]
RFHAL_FreeDataEntryQueue {Abs}
                        0x100184c5     0x8  Code  Gb  ble_rom_patch.symbols [2]
RFHAL_FreeNextTxDataEntry {Abs}
                        0x10018485    0x22  Code  Gb  ble_rom_patch.symbols [2]
RFHAL_FreeRatChan {Abs}
                        0x1001833d    0x2a  Code  Gb  ble_rom_patch.symbols [2]
RFHAL_GetNextDataEntry {Abs}
                        0x100184cd     0x4  Code  Gb  ble_rom_patch.symbols [2]
RFHAL_GetTempDataEntry {Abs}
                        0x100184d1     0x4  Code  Gb  ble_rom_patch.symbols [2]
RFHAL_InitDataQueue {Abs}
                        0x100183b9     0xc  Code  Gb  ble_rom_patch.symbols [2]
RFHAL_InitRfHal         0x0001c36f    0x64  Code  Gb  ble_patch.o [4]
RFHAL_MapRatChansToInt {Abs}
                        0x10018369    0x26  Code  Gb  ble_rom_patch.symbols [2]
RFHAL_NextDataEntryDone {Abs}
                        0x100184d5    0x24  Code  Gb  ble_rom_patch.symbols [2]
RFHAL_RegisterRatChanCallback {Abs}
                        0x10018391    0x26  Code  Gb  ble_rom_patch.symbols [2]
ROCODE$$Base            0x0000fe80           --   Gb  - Linker created -
ROCODE$$Limit           0x0001dfcb           --   Gb  - Linker created -
ROM_BASE_ADDR {Abs}     0x10005001           --   Gb  ble_rom_patch.symbols [2]
ROM_Init                0x0001c547    0x1e  Code  Gb  rom_jt.o [1]
ROM_Spinlock            0x0001c533    0x14  Code  Gb  rom_jt.o [1]
ROSTK$$Base             0x0000fe50           --   Gb  - Linker created -
ROSTK$$Limit            0x0001f000           --   Gb  - Linker created -
RWDATA$$Base            0x20004348           --   Gb  - Linker created -
RWDATA$$Limit           0x200048e4           --   Gb  - Linker created -
Region$$Table$$Base     0x0001de38           --   Gb  - Linker created -
Region$$Table$$Limit    0x0001de58           --   Gb  - Linker created -
RoundKey_Sw {Abs}       0x10016b79    0xb0  Code  Gb  ble_rom_patch.symbols [2]
SM_CalcRandomAddr       0x000198e1    0x38  Code  Gb  sm_mgr.o [8]
SM_GenerateAuthenSig    0x00019b8f    0x9a  Code  Gb  sm_mgr.o [8]
SM_Init                 0x0001af19    0x1c  Code  Gb  sm_task.o [8]
SM_PasskeyUpdate        0x00019f97    0x7e  Code  Gb  sm_pairing.o [8]
SM_ProcessEvent         0x0001af35    0xbc  Code  Gb  sm_task.o [8]
SM_ResolveRandomAddrs   0x00019919    0x44  Code  Gb  sm_mgr.o [8]
SM_ResponderInit        0x00019369    0x1a  Code  Gb  sm_rsppairing.o [8]
SM_StartPairing         0x00019f09    0x8e  Code  Gb  sm_pairing.o [8]
SM_VerifyAuthenSig      0x00019c29    0xd4  Code  Gb  sm_mgr.o [8]
SNVSECT$$Base           0x0001e000           --   Gb  - Linker created -
SNVSECT$$Limit          0x0001f000           --   Gb  - Linker created -
SSP_CCM_Auth_Encrypt_Sw {Abs}
                        0x10017895    0x5e  Code  Gb  ble_rom_patch.symbols [2]
SSP_CCM_Auth_Sw {Abs}   0x10017365   0x156  Code  Gb  ble_rom_patch.symbols [2]
SSP_CCM_Decrypt_Sw {Abs}
                        0x1001767d    0xd8  Code  Gb  ble_rom_patch.symbols [2]
SSP_CCM_Encrypt_Sw {Abs}
                        0x100174fd    0xd4  Code  Gb  ble_rom_patch.symbols [2]
SSP_CCM_InvAuth_Decrypt_Sw {Abs}
                        0x100178f5    0x5a  Code  Gb  ble_rom_patch.symbols [2]
SSP_CCM_InvAuth_Sw {Abs}
                        0x10017839    0x5c  Code  Gb  ble_rom_patch.symbols [2]
SSP_CTR_Decrypt_Sw {Abs}
                        0x10017771    0x8a  Code  Gb  ble_rom_patch.symbols [2]
SSP_CTR_Encrypt_Sw {Abs}
                        0x100175ed    0x88  Code  Gb  ble_rom_patch.symbols [2]
ShiftRows_Sw {Abs}      0x10016c45    0x32  Code  Gb  ble_rom_patch.symbols [2]
SysBootMsg              0x20004364     0x4  Data  Gb  ll_patch.o [4]
WL_AddEntry {Abs}       0x1000d2d9    0x94  Code  Gb  ble_rom_patch.symbols [2]
WL_Clear                0x0001dd11    0x24  Code  Gb  ll_wl_patch.o [4]
WL_ClearEntry {Abs}     0x1000d1f5    0x32  Code  Gb  ble_rom_patch.symbols [2]
WL_ClearIgnoreList      0x0001dda1    0x1e  Code  Gb  ll_wl_patch.o [4]
WL_FindEntry            0x0001dd3f    0x42  Code  Gb  ll_wl_patch.o [4]
WL_GetNumFreeEntries    0x0001dd35     0xa  Code  Gb  ll_wl_patch.o [4]
WL_GetSize {Abs}        0x1000d229    0x12  Code  Gb  ble_rom_patch.symbols [2]
WL_Init {Abs}           0x1000d189    0x22  Code  Gb  ble_rom_patch.symbols [2]
WL_RemoveEntry {Abs}    0x1000d36d    0x5e  Code  Gb  ble_rom_patch.symbols [2]
WL_SetWlIgnore          0x0001dd81    0x20  Code  Gb  ll_wl_patch.o [4]
__aeabi_ldiv0           0x0001bdad          Code  Gb  I64DivZer.o [9]
__aeabi_memclr          0x0001bde1          Code  Gb  ABImemclr.o [9]
__aeabi_memset          0x00016b59          Code  Gb  ABImemset.o [9]
__aeabi_uldivmod        0x0001ab1d          Code  Gb  I64DivMod.o [9]
__checksum_begin {Abs}  0x10005000           --   Gb  ble_rom_patch.symbols [2]
__checksum_begin_CommonROM {Abs}
                        0x10014c00           --   Gb  ble_rom_patch.symbols [2]
__checksum_end {Abs}    0x1000dffd           --   Gb  ble_rom_patch.symbols [2]
__checksum_end_CommonROM {Abs}
                        0x10019ffd           --   Gb  ble_rom_patch.symbols [2]
__checksum_value {Abs}  0x00005721          Data  Gb  ble_rom_patch.symbols [2]
__checksum_value_CommonROM {Abs}
                        0x0000e0ea          Data  Gb  ble_rom_patch.symbols [2]
__exit {Abs}            0x10018ced          Code  Gb  ble_rom_patch.symbols [2]
__iar_Memset            0x00016b59          Code  Gb  ABImemset.o [9]
__iar_Memset_word       0x00016b61          Code  Gb  ABImemset.o [9]
__iar_data_init3        0x0001dce1    0x28  Code  Gb  data_init.o [9]
__iar_packbits_init_single3
                        0x0001ddff    0x38  Code  Gb  packbits_init_single.o [9]
__iar_systems$$module {Abs}
                        0x00000001          Data  Gb  command line/config [3]
__iar_unaligned_memcmp  0x00019141          Code  Gb  memcmp_unaligned.o [9]
__iar_unaligned_memcpy  0x000190c9          Code  Gb  ABImemcpy_unaligned.o [9]
__iar_unaligned_memcpy4
                        0x000190e9          Code  Gb  ABImemcpy_unaligned.o [9]
__iar_unaligned_memcpy8
                        0x000190e9          Code  Gb  ABImemcpy_unaligned.o [9]
__iar_zero_init3        0x0001ddbf    0x40  Code  Gb  zero_init3.o [9]
activeTaskID            0x2000449c     0x1  Data  Lc  osal.o [1]
advCmd {Abs}            0x20004c24    0x48  Data  Gb  ble_rom_patch.symbols [2]
advEvt2State {Abs}      0x1000d9c0     0x8  Data  Gb  ble_rom_patch.symbols [2]
advInfo {Abs}           0x200049ec    0xa0  Data  Gb  ble_rom_patch.symbols [2]
advInfoExt              0x2000434c     0x4  Data  Gb  ll_patch.o [4]
advOutput {Abs}         0x20004e98    0x10  Data  Gb  ble_rom_patch.symbols [2]
advParam {Abs}          0x20004d58    0x20  Data  Gb  ble_rom_patch.symbols [2]
advPktSuffix            0x0000fed0     0x4  Data  Gb  ll_config.o [4]
appForceBoot            0x0001435f     0x2  Code  Gb  onboard.o [1]
appTaskID               0x200046fe     0x1  Data  Gb  gattservapp.o [8]
appearance              0x20004628     0x2  Data  Lc  gapgattserver.o [8]
appearanceCharProps     0x20004702     0x1  Data  Lc  gapgattserver.o [8]
appearanceUUID          0x0001ccac     0x2  Data  Gb  gatt_uuid.o [8]
assertSubcause          0x20004494     0x1  Data  Gb  hal_assert.o [1]
attSendMsg              0x0001725f    0x86  Code  Gb  att_util.o [8]
attSendRspMsg           0x0001133b    0x30  Code  Lc  att_server.o [8]
attServerNotifyTxCB     0x20004800     0x4  Data  Lc  att_server.o [8]
attrLen                 0x2000482e     0x2  Data  Lc  gattservapp.o [8]
autoSyncWhiteList       0x20004456     0x1  Data  Lc  gapbondmgr.o [1]
baseTaskID              0x200044c8     0x2  Data  Gb  osal_cbtimer.o [1]
bleDispatch_BMAlloc     0x00010587    0x36  Code  Gb  ble_dispatch.o [1]
bleDispatch_BMFree      0x000105bd    0x12  Code  Gb  ble_dispatch.o [1]
bleDispatch_Init        0x00010031     0x8  Code  Gb  ble_dispatch.o [1]
bleDispatch_ProcessEvent
                        0x00010039    0xb2  Code  Gb  ble_dispatch.o [1]
bleDispatch_TaskID      0x200048d6     0x1  Data  Gb  ble_dispatch.o [1]
bleEvtMask {Abs}        0x20004f08     0x1  Data  Gb  ble_rom_patch.symbols [2]
bm_desc_from_payload    0x00014ccb    0x1a  Code  Lc  osal_bufmgr.o [1]
bm_list_ptr             0x200047e4     0x4  Data  Lc  osal_bufmgr.o [1]
bondIdx                 0x20004458     0x1  Data  Lc  gapbondmgr.o [1]
bonds                   0x20004748    0x8c  Data  Lc  gapbondmgr.o [1]
bondsToDelete           0x2000445c     0xc  Data  Lc  gapbondmgr.o [1]
btBaseUUID              0x000173a8    0x10  Data  Gb  att_util.o [8]
buildInfo {Abs}         0x20004c98     0x4  Data  Gb  ble_rom_patch.symbols [2]
cachedTRNGdata {Abs}    0x20004ee8     0xc  Data  Gb  ble_rom_patch.symbols [2]
cbTimerSetup            0x000192ab    0x90  Code  Lc  osal_cbtimer.o [1]
cbTimers                0x200044cc    0x78  Data  Gb  osal_cbtimer.o [1]
characterUUID           0x0001cca0     0x2  Data  Gb  gatt_uuid.o [8]
checkNVLen              0x0001048f    0x38  Code  Lc  ble_dispatch.o [1]
clientCharCfgUUID       0x0001cca4     0x2  Data  Gb  gatt_uuid.o [8]
compactPage             0x00014113   0x108  Code  Lc  osal_snv_wrapper.o [1]
connOutput {Abs}        0x20004e70    0x14  Data  Gb  ble_rom_patch.symbols [2]
const_Rb                0x00019ef8    0x10  Data  Gb  sm_mgr.o [8]
ctrlToHostEnable {Abs}  0x20004f24     0x1  Data  Gb  ble_rom_patch.symbols [2]
curTxPowerVal {Abs}     0x20004cb9     0x1  Data  Gb  ble_rom_patch.symbols [2]
deviceFeatureSet {Abs}  0x20004ed0     0xc  Data  Gb  ble_rom_patch.symbols [2]
deviceName              0x2000462c    0x18  Data  Lc  gapgattserver.o [8]
deviceNameCharProps     0x20004701     0x1  Data  Lc  gapgattserver.o [8]
deviceNameUUID          0x0001cca8     0x2  Data  Gb  gatt_uuid.o [8]
disableCache            0x000142a9    0x2a  Code  Lc  osal_snv_wrapper.o [1]
disconnectNext          0x00015c83    0x1a  Code  Lc  gap_linkmgr.o [8]
dtmInfo {Abs}           0x20004edc     0xc  Data  Gb  ble_rom_patch.symbols [2]
enableCache             0x00014295    0x14  Code  Lc  osal_snv_wrapper.o [1]
eraseAllBonds           0x20004457     0x1  Data  Lc  gapbondmgr.o [1]
erasePage               0x00014055    0x3a  Code  Lc  osal_snv_wrapper.o [1]
failF                   0x200046f8     0x1  Data  Lc  osal_snv_wrapper.o [1]
failW                   0x200046f9     0x1  Data  Lc  osal_snv_wrapper.o [1]
[...]
maxNumTxDataBufs        0x2000434a     0x1  Data  Gb  ll_patch.o [4]
maxPduSize              0x20004348     0x1  Data  Gb  ll_patch.o [4]
maxPktsPerEvt           0x0000fee0     0x4  Data  Gb  ll_config.o [4]
maxTxPwrForDTM {Abs}    0x20004c85     0x1  Data  Gb  ble_rom_patch.symbols [2]
nextHandle              0x20004618     0x2  Data  Lc  gatt_server.o [8]
numComplPkts {Abs}      0x20004cba     0x1  Data  Gb  ble_rom_patch.symbols [2]
numComplPktsFlush {Abs}
                        0x20004c88     0x1  Data  Gb  ble_rom_patch.symbols [2]
numComplPktsLimit {Abs}
                        0x20004c87     0x1  Data  Gb  ble_rom_patch.symbols [2]
numHostBufs {Abs}       0x20004f26     0x2  Data  Gb  ble_rom_patch.symbols [2]
numTxDataBufs {Abs}     0x20004c8b     0x1  Data  Gb  ble_rom_patch.symbols [2]
onePktPerEvt {Abs}      0x20004c86     0x1  Data  Gb  ble_rom_patch.symbols [2]
osalAddTimer            0x00016bed    0x3c  Code  Gb  osal_timers.o [1]
osalAdjustTimer         0x0001ac0d    0x4e  Code  Gb  osal_clock.o [1]
osalFindTimer           0x00016c29    0x16  Code  Gb  osal_timers.o [1]
osalInitTasks           0x00016f21    0x7a  Code  Gb  osal_icall_ble.o [1]
osalTimerInit           0x00016bdd    0x10  Code  Gb  osal_timers.o [1]
osalTimerUpdate         0x00016d4d    0xd0  Code  Gb  osal_timers.o [1]
osal_CbTimerInit        0x000191b5    0x1c  Code  Gb  osal_cbtimer.o [1]
osal_CbTimerProcessEvent
                        0x000191d1    0x76  Code  Gb  osal_cbtimer.o [1]
osal_CbTimerStart       0x00019247     0x8  Code  Gb  osal_cbtimer.o [1]
osal_CbTimerStop        0x00019257    0x54  Code  Gb  osal_cbtimer.o [1]
osal_alien2proxy        0x00010e1b    0x2a  Code  Lc  osal.o [1]
osal_bm_adjust_header   0x00014ca3    0x28  Code  Gb  osal_bufmgr.o [1]
osal_bm_alloc           0x00014c2d    0x32  Code  Gb  osal_bufmgr.o [1]
osal_bm_free            0x00014c5f    0x44  Code  Gb  osal_bufmgr.o [1]
osal_clear_event        0x00010d33    0x32  Code  Gb  osal.o [1]
osal_dispatch_entities  0x200044c4     0x4  Data  Lc  osal.o [1]
osal_enroll_dispatchid  0x00010a81    0x16  Code  Gb  osal.o [1]
osal_enroll_senderid    0x00010a97    0x14  Code  Gb  osal.o [1]
osal_entity             0x200048d7     0x1  Data  Gb  osal.o [1]
osal_eventloop_hook     0x200044ac     0x4  Data  Gb  osal.o [1]
osal_get_timeoutEx      0x00016d25    0x28  Code  Gb  osal_timers.o [1]
osal_init_system        0x00010d6d    0x5a  Code  Gb  osal.o [1]
osal_isbufset           0x00010fff    0x20  Code  Gb  osal.o [1]
osal_last_timestamp     0x200047f8     0x4  Data  Gb  osal_timers.o [1]
osal_max_msecs          0x200044b8     0x4  Data  Gb  osal.o [1]
osal_mem_alloc          0x00016b1d    0x18  Code  Gb  osal_memory_icall.o [1]
osal_mem_free           0x00016b35    0x12  Code  Gb  osal_memory_icall.o [1]
osal_memcmp             0x00010a4d    0x1c  Code  Gb  osal.o [1]
osal_memcpy             0x00010a05    0x14  Code  Gb  osal.o [1]
osal_memdup             0x00010a31    0x1c  Code  Gb  osal.o [1]
osal_memset             0x00010a69    0x14  Code  Gb  osal.o [1]
osal_msec_timer_cback   0x00010e5d    0x20  Code  Lc  osal.o [1]
osal_msec_timer_seq     0x200044c0     0x4  Data  Lc  osal.o [1]
osal_msg_allocate       0x00010aab    0x24  Code  Gb  osal.o [1]
osal_msg_deallocate     0x00010acf    0x1e  Code  Gb  osal.o [1]
osal_msg_enqueue        0x00010c11    0x24  Code  Gb  osal.o [1]
osal_msg_enqueue_push   0x00010b45    0x5e  Code  Lc  osal.o [1]
osal_msg_extract        0x00010c5b    0x36  Code  Gb  osal.o [1]
osal_msg_push           0x00010c41     0xe  Code  Gb  osal.o [1]
osal_msg_receive        0x00010ba7    0x62  Code  Gb  osal.o [1]
osal_msg_send           0x00010aed    0x58  Code  Gb  osal.o [1]
osal_next_timeout       0x00016e1d    0x1c  Code  Gb  osal_timers.o [1]
osal_notask_entity      0x2000449d     0x1  Data  Lc  osal.o [1]
osal_proxy2alien        0x00010e45    0x16  Code  Lc  osal.o [1]
osal_proxy_tasks        0x200044a0     0x8  Data  Lc  osal.o [1]
osal_pwrmgr_init        0x00016e73     0xc  Code  Gb  osal_pwrmgr.o [1]
osal_pwrmgr_task_state  0x00016e7f    0x5c  Code  Gb  osal_pwrmgr.o [1]
osal_qHead              0x200044a8     0x4  Data  Gb  osal.o [1]
osal_rand               0x00010a7d     0x4  Code  Gb  osal.o [1]
osal_revmemcpy          0x00010a19    0x18  Code  Gb  osal.o [1]
osal_run_system         0x00010ea1   0x142  Code  Gb  osal.o [1]
osal_semaphore          0x200044b0     0x4  Data  Gb  osal.o [1]
osal_service_entry      0x00010e7d    0x24  Code  Gb  osal.o [1]
osal_set_event          0x00010c91    0x9a  Code  Gb  osal.o [1]
osal_snv_compact        0x0001432d    0x18  Code  Gb  osal_snv_wrapper.o [1]
osal_snv_init           0x000142ed     0x4  Code  Gb  osal_snv_wrapper.o [1]
osal_snv_read           0x000142f1    0x20  Code  Gb  osal_snv_wrapper.o [1]
osal_snv_write          0x00014311    0x1c  Code  Gb  osal_snv_wrapper.o [1]
osal_start_reload_timer
                        0x00016cbf    0x26  Code  Gb  osal_timers.o [1]
osal_start_system       0x00010dc7    0x54  Code  Gb  osal.o [1]
osal_start_timerEx      0x00016c8f    0x30  Code  Gb  osal_timers.o [1]
osal_stop_timerEx       0x00016cef    0x2c  Code  Gb  osal_timers.o [1]
osal_strlen             0x00010a01     0x4  Code  Gb  osal.o [1]
osal_systemClock        0x200047fc     0x4  Data  Lc  osal_timers.o [1]
osal_tickperiod         0x200044b4     0x4  Data  Gb  osal.o [1]
osal_timer_refTimeUpdate
                        0x00016c3f    0x50  Code  Gb  osal_timers.o [1]
osal_timerid_msec_timer
                        0x200044bc     0x4  Data  Lc  osal.o [1]
ownPublicAddr {Abs}     0x20004c6c     0x8  Data  Gb  ble_rom_patch.symbols [2]
ownRandomAddr {Abs}     0x20004c74     0x8  Data  Gb  ble_rom_patch.symbols [2]
ownSavedPublicAddr {Abs}
                        0x20004c7c     0x8  Data  Gb  ble_rom_patch.symbols [2]
pAttrValue              0x20004834     0x4  Data  Lc  gattservapp.o [8]
pAuthEvt                0x20004474     0x4  Data  Lc  gapbondmgr.o [1]
pAuthLink               0x20004558     0x4  Data  Gb  gap_linkmgr.o [8]
pBleEvtMask             0x200048b4     0x8  Data  Gb  hci_event_patch.o [4]
pEstLink                0x20004554     0x4  Data  Gb  gap_linkmgr.o [8]
pGapAdData              0x200045e4     0x4  Data  Lc  gap_peridevmgr.o [8]
pGapAdvTokens           0x200045e0     0x4  Data  Lc  gap_peridevmgr.o [8]
pGapAdvertState         0x20004810     0x4  Data  Gb  gap_devmgr.o [8]
pGapBondCB              0x20004470     0x4  Data  Lc  gapbondmgr.o [1]
pGapDiscReq             0x2000480c     0x4  Data  Gb  gap_devmgr.o [8]
pGapScanRspData         0x200045e8     0x4  Data  Lc  gap_peridevmgr.o [8]
pHciEvtMask {Abs}       0x20004f00     0x8  Data  Gb  ble_rom_patch.symbols [2]
pHciEvtMask2            0x200048bc     0x8  Data  Gb  hci_event_patch.o [4]
pPairingParams          0x200048c4     0x4  Data  Gb  sm_pairing.o [8]
pServiceList            0x2000461c     0x4  Data  Lc  gatt_server.o [8]
patchBleRfe             0x0001766c   0x4ec  Data  Lc  ll_patch.o [4]
patchImageBle           0x000174dc   0x13c  Data  Lc  ll_patch.o [4]
peerInfo {Abs}          0x20004c9c     0xc  Data  Gb  ble_rom_patch.symbols [2]
periConnParamCharProps  0x20004703     0x1  Data  Lc  gapgattserver.o [8]
periConnParamUUID       0x0001ccb0     0x2  Data  Gb  gatt_uuid.o [8]
periConnParameters      0x20004620     0x8  Data  Lc  gapgattserver.o [8]
pfnBondMgrCBs           0x20004808     0x4  Data  Gb  gap_task.o [8]
pfnCentralCBs           0x20004600     0x4  Data  Lc  gap_task.o [8]
pfnCentralConnCBs       0x2000455c     0x4  Data  Gb  gap_linkmgr.o [8]
pfnClientProcessMsgCB   0x20004840     0x4  Data  Lc  gatt_task.o [8]
pfnInitiatorCBs         0x200048cc     0x4  Data  Lc  sm_pairing.o [8]
pfnPeripheralCBs        0x200045fc     0x4  Data  Gb  gap_task.o [8]
pfnPeripheralConnCBs    0x20004804     0x4  Data  Gb  gap_linkmgr.o [8]
pfnResponderCBs         0x200048c8     0x4  Data  Gb  sm_pairing.o [8]
pfnServerProcessMsgCB   0x2000483c     0x4  Data  Lc  gatt_task.o [8]
pgOff                   0x200046fa     0x2  Data  Lc  osal_snv_wrapper.o [1]
postRfOperations {Abs}  0x20004cbe     0x2  Data  Gb  ble_rom_patch.symbols [2]
prepareWritesTbl        0x20004830     0x4  Data  Lc  gattservapp.o [8]
primaryServiceUUID      0x0001cc98     0x2  Data  Gb  gatt_uuid.o [8]
processDispGAPProfile   0x000108cf    0xa4  Code  Lc  ble_dispatch.o [1]
processDispMsg          0x0001079d   0x11a  Code  Lc  ble_dispatch.o [1]
processICallGAP         0x000105cf   0x1ce  Code  Lc  ble_dispatch.o [1]
processICallHost        0x000100f9    0xbe  Code  Lc  ble_dispatch.o [1]
processICallLL          0x000101b7   0x28a  Code  Lc  ble_dispatch.o [1]
processICallUTIL        0x000104c9    0xb4  Code  Lc  ble_dispatch.o [1]
pwrmgr_attribute        0x200048d2     0x2  Data  Gb  osal_pwrmgr.o [1]
pwrmgr_initialized      0x200048d0     0x1  Data  Gb  osal_pwrmgr.o [1]
ratChanInfo {Abs}       0x20004fac    0x20  Data  Gb  ble_rom_patch.symbols [2]
reqTaskId               0x20004700     0x1  Data  Gb  gatt_server.o [8]
rfCallback              0x0001d93d    0x2a  Code  Gb  ll_isr.o [4]
rfCfgAdiVal {Abs}       0x20004c94     0x2  Data  Gb  ble_rom_patch.symbols [2]
rfCfgVal                0x0000fec8     0x4  Data  Gb  ll_config.o [4]
rfCmdHandle             0x20004350     0x2  Data  Gb  ll_patch.o [4]
rfDrvTblPtr             0x20004358     0x4  Data  Gb  ll_patch.o [4]
rfEvent                 0x20004708     0x8  Data  Gb  ll_patch.o [4]
rfFeModeBias            0x20004349     0x1  Data  Gb  ll_patch.o [4]
rfHandle                0x20004354     0x4  Data  Gb  ll_patch.o [4]
rfMode                  0x2000436c    0x10  Data  Gb  ll_patch.o [4]
rfObject                0x200043a8    0x98  Data  Gb  ll_patch.o [4]
rfOpLoc                 0x0000fee4     0x4  Data  Gb  ll_config.o [4]
rfPUpCallback           0x0001d931     0xc  Code  Gb  ll_isr.o [4]
rfParams                0x2000437c    0x14  Data  Gb  ll_patch.o [4]
rfSetup                 0x20004390    0x18  Data  Gb  ll_patch.o [4]
rf_patch_cpe_ble        0x000174a5    0x38  Code  Lc  ll_patch.o [4]
rf_patch_rfe_ble        0x00017619    0x52  Code  Lc  ll_patch.o [4]
rsp                     0x20004814    0x18  Data  Lc  gattservapp.o [8]
rspBuf                  0x20004710    0x38  Data  Gb  ble_dispatch.o [1]
rssiCorrection {Abs}    0x20004cc0     0x1  Data  Gb  ble_rom_patch.symbols [2]
rxDataQ {Abs}           0x20004f0c     0x4  Data  Gb  ble_rom_patch.symbols [2]
rxFifoFlowCtrl {Abs}    0x20004c8a     0x1  Data  Gb  ble_rom_patch.symbols [2]
rxModemTestCmd {Abs}    0x20004e40    0x18  Data  Gb  ble_rom_patch.symbols [2]
rxPktSuffix             0x0000fecc     0x4  Data  Gb  ll_config.o [4]
rxRingBuf {Abs}         0x20004f10     0x4  Data  Gb  ble_rom_patch.symbols [2]
rxTestOut {Abs}         0x20004ec4     0xc  Data  Gb  ble_rom_patch.symbols [2]
rxTestParam {Abs}       0x20004e84    0x14  Data  Gb  ble_rom_patch.symbols [2]
scanPktSuffix           0x0000fed4     0x4  Data  Gb  ll_config.o [4]
sclkSrc                 0x20004368     0x4  Data  Gb  ll_patch.o [4]
secondaryServiceUUID    0x0001cc9c     0x2  Data  Gb  gatt_uuid.o [8]
sendAuthEvent           0x00015c9d    0xe0  Code  Lc  gap_linkmgr.o [8]
sendEstLinkEvent        0x00015bbb    0x5c  Code  Gb  gap_linkmgr.o [8]
sendGapCmdStatus        0x00010441    0x4e  Code  Lc  ble_dispatch.o [1]
sendTerminateEvent      0x00015c17    0x28  Code  Lc  gap_linkmgr.o [8]
serverInfoTbl           0x20004844     0x4  Data  Gb  gatt_server.o [8]
serviceCBsList          0x20004838     0x4  Data  Lc  gattservapp.o [8]
setActivePage           0x00014035    0x10  Code  Lc  osal_snv_wrapper.o [1]
setBleUserConfig        0x0001b001    0x74  Code  Gb  ble_user_config.o [1]
setXferPage             0x00014045     0xa  Code  Lc  osal_snv_wrapper.o [1]
slOverride {Abs}        0x20004c89     0x1  Data  Gb  ble_rom_patch.symbols [2]
slaveConnHandle         0x20004550     0x2  Data  Gb  gap_linkmgr.o [8]
slaveUpdateReq          0x20004548     0x8  Data  Gb  gap_linkmgr.o [8]
sleepDelay {Abs}        0x20004c96     0x2  Data  Gb  ble_rom_patch.symbols [2]
slvCmd {Abs}            0x20004de0    0x18  Data  Gb  ble_rom_patch.symbols [2]
slvParam {Abs}          0x20004d38    0x20  Data  Gb  ble_rom_patch.symbols [2]
smAuthReqToUint8        0x00019b19    0x2e  Code  Gb  sm_mgr.o [8]
smDetermineKeySize      0x0001a60d    0x22  Code  Gb  sm_pairing.o [8]
smEncrypt               0x00019b83     0x8  Code  Lc  sm_mgr.o [8]
smEncryptLocal          0x00019b8b     0x4  Code  Lc  sm_mgr.o [8]
smEndPairing            0x0001a5dd    0x30  Code  Gb  sm_pairing.o [8]
smFreePairingParams     0x0001a593    0x4a  Code  Lc  sm_pairing.o [8]
smGenerateConfirm       0x0001a34f    0x18  Code  Gb  sm_pairing.o [8]
smGeneratePairingReqRsp
                        0x0001a323    0x2c  Code  Gb  sm_pairing.o [8]
smGenerateRandBuf       0x00019aef    0x2a  Code  Gb  sm_mgr.o [8]
smGenerateRandMsg       0x0001a367    0x16  Code  Gb  sm_pairing.o [8]
smLinkCheck             0x0001a01d    0x22  Code  Gb  sm_pairing.o [8]
smNextPairingState      0x0001a1e5    0x30  Code  Gb  sm_pairing.o [8]
smPairingSendEncInfo    0x0001a531     0x6  Code  Gb  sm_pairing.o [8]
smPairingSendIdentityAddrInfo
                        0x0001a569    0x24  Code  Gb  sm_pairing.o [8]
smPairingSendIdentityInfo
                        0x0001a55f     0x4  Code  Gb  sm_pairing.o [8]
smPairingSendMasterID   0x0001a537    0x28  Code  Gb  sm_pairing.o [8]
smPairingSendSigningInfo
                        0x0001a58d     0x6  Code  Gb  sm_pairing.o [8]
smProcessDataMsg        0x0001a045    0xd4  Code  Gb  sm_pairing.o [8]
smProcessEncryptChange  0x0001a135    0xb0  Code  Gb  sm_pairing.o [8]
smProcessPairingReq     0x0001a2b3    0x56  Code  Gb  sm_pairing.o [8]
smRegisterResponder     0x0001a015     0x8  Code  Gb  sm_pairing.o [8]
smResponderCBs          0x200046d4    0x10  Data  Lc  sm_rsppairing.o [8]
smResponderProcessLTKReq
                        0x00019383    0xc2  Code  Lc  sm_rsppairing.o [8]
smResponderSendNextKeyInfo
                        0x000196e9   0x1de  Code  Lc  sm_rsppairing.o [8]
smSavePairInfo          0x0001a391   0x1a0  Code  Gb  sm_pairing.o [8]
smSendFailAndEnd        0x0001a119    0x1c  Code  Gb  sm_pairing.o [8]
smSendFailureEvt        0x0001a69d    0x2c  Code  Gb  sm_pairing.o [8]
smSendSMMsg             0x0001aa37    0x4a  Code  Gb  smp.o [8]
smSetPairingReqRsp      0x0001a62f    0x40  Code  Lc  sm_pairing.o [8]
smStartEncryption       0x0001a309    0x1a  Code  Gb  sm_pairing.o [8]
smStartRspTimer         0x0001996f    0x1c  Code  Gb  sm_mgr.o [8]
smStopRspTimer          0x0001998b     0xa  Code  Gb  sm_mgr.o [8]
smTaskID                0x200048e3     0x1  Data  Gb  sm_task.o [8]
smTimedOut              0x0001a03f     0x4  Code  Gb  sm_pairing.o [8]
smUint8ToAuthReq        0x00019b47    0x3c  Code  Gb  sm_mgr.o [8]
sm_CMAC                 0x00019d03   0x1ba  Code  Lc  sm_mgr.o [8]
sm_ah                   0x000199a7    0x26  Code  Lc  sm_mgr.o [8]
sm_c1                   0x0001a215    0x9e  Code  Gb  sm_pairing.o [8]
sm_c1new                0x000199e1    0xb8  Code  Gb  sm_mgr.o [8]
sm_s1                   0x00019aaf    0x20  Code  Gb  sm_mgr.o [8]
sm_xor                  0x00019a99    0x16  Code  Lc  sm_mgr.o [8]
smpBuildEncInfo         0x0001a905    0x12  Code  Gb  smp.o [8]
smpBuildIdentityAddrInfo
                        0x0001a987    0x1e  Code  Gb  smp.o [8]
smpBuildIdentityInfo    0x0001a975    0x12  Code  Gb  smp.o [8]
smpBuildMasterID        0x0001a92d    0x24  Code  Gb  smp.o [8]
smpBuildPairingConfirm  0x0001a86f    0x12  Code  Gb  smp.o [8]
smpBuildPairingFailed   0x0001a8cf    0x18  Code  Gb  smp.o [8]
smpBuildPairingRandom   0x0001a897    0x10  Code  Gb  smp.o [8]
smpBuildPairingReq      0x0001a6e5     0x8  Code  Gb  smp.o [8]
smpBuildPairingReqRsp   0x0001a6f3    0xa8  Code  Gb  smp.o [8]
smpBuildPairingRsp      0x0001a6ed     0x6  Code  Gb  smp.o [8]
smpBuildSecurityReq     0x0001a9ff    0x1c  Code  Gb  smp.o [8]
smpBuildSigningInfo     0x0001a9d7    0x12  Code  Gb  smp.o [8]
smpParseEncInfo         0x0001a917    0x16  Code  Gb  smp.o [8]
smpParseIdentityAddrInfo
                        0x0001a9bb    0x1c  Code  Gb  smp.o [8]
smpParseIdentityInfo    0x0001a9a5    0x16  Code  Gb  smp.o [8]
smpParseMasterID        0x0001a951    0x24  Code  Gb  smp.o [8]
smpParsePairingConfirm  0x0001a881    0x16  Code  Gb  smp.o [8]
smpParsePairingFailed   0x0001a8e7    0x1e  Code  Gb  smp.o [8]
smpParsePairingRandom   0x0001a8b9    0x16  Code  Gb  smp.o [8]
smpParsePairingReq      0x0001a79b    0xd4  Code  Gb  smp.o [8]
smpParseSecurityReq     0x0001aa1b    0x1c  Code  Gb  smp.o [8]
smpParseSigningInfo     0x0001a9e9    0x16  Code  Gb  smp.o [8]
smpResponderProcessIncoming
                        0x00019451   0x1f2  Code  Lc  sm_rsppairing.o [8]
smpResponderSendPairRspEvent
                        0x0001964b    0x92  Code  Lc  sm_rsppairing.o [8]
sspAesDecrypt_Sw {Abs}  0x10016d29    0x78  Code  Gb  ble_rom_patch.symbols [2]
sspAesEncryptBasic_Sw {Abs}
                        0x10016af5    0x62  Code  Gb  ble_rom_patch.symbols [2]
sspAesEncryptKeyExp_Sw {Abs}
                        0x10016a99    0x4e  Code  Gb  ble_rom_patch.symbols [2]
sspAesEncrypt_Sw {Abs}  0x10016979     0xc  Code  Gb  ble_rom_patch.symbols [2]
sspKeyExpansion_Sw {Abs}
                        0x10016985   0x114  Code  Gb  ble_rom_patch.symbols [2]
ssp_KeyInit_Sw {Abs}    0x10016975     0x2  Code  Gb  ble_rom_patch.symbols [2]
stack_main              0x00016f9b    0x50  Code  Gb  osal_icall_ble.o [1]
startup_entry           0x0000fe51    0x30  Code  Gb  icall_startup.o [1]
strlen                  0x00016ae5          Code  Gb  strlen.o [9]
supportedCmdsTable      0x000130d4    0x44  Data  Gb  hci_patch.o [4]
taskEndAction {Abs}     0x20004cc4     0x4  Data  Gb  ble_rom_patch.symbols [2]
taskEndStatus {Abs}     0x20004f0a     0x2  Data  Gb  ble_rom_patch.symbols [2]
tasksArr                0x0000fe80    0x28  Data  Gb  osal_icall_ble.o [1]
tasksCnt                0x0000fea8     0x1  Data  Gb  osal_icall_ble.o [1]
tasksEvents             0x200047f0     0x4  Data  Gb  osal_icall_ble.o [1]
terminateAllTaskID      0x20004544     0x1  Data  Lc  gap_linkmgr.o [8]
terminateReason         0x20004545     0x1  Data  Lc  gap_linkmgr.o [8]
timeMSec                0x200047e8     0x4  Data  Lc  osal_clock.o [1]
timerHead               0x200047f4     0x4  Data  Gb  osal_timers.o [1]
trngDrvTblPtr           0x20004360     0x4  Data  Gb  ll_patch.o [4]
trxTestCmd {Abs}        0x20004e28    0x18  Data  Gb  ble_rom_patch.symbols [2]
txDataQ {Abs}           0x20004f1c     0x4  Data  Gb  ble_rom_patch.symbols [2]
txModemTestCmd {Abs}    0x20004d78    0x1c  Data  Gb  ble_rom_patch.symbols [2]
txPowerTable            0x0000febc     0x4  Data  Gb  ll_config.o [4]
txPwrTbl                0x0000fec0     0x8  Data  Gb  ll_config.o [4]
txTestOut {Abs}         0x20004f20     0x4  Data  Gb  ble_rom_patch.symbols [2]
txTestParam {Abs}       0x20004ea8    0x10  Data  Gb  ble_rom_patch.symbols [2]
verInfo {Abs}           0x20004c8c     0x8  Data  Gb  ble_rom_patch.symbols [2]
wlSize                  0x0000fedc     0x1  Data  Gb  ll_config.o [4]
wlTable {Abs}           0x20004a8c    0x84  Data  Gb  ble_rom_patch.symbols [2]
writeWord               0x0001421b    0x70  Code  Lc  osal_snv_wrapper.o [1]
xor_128                 0x00019ecb    0x14  Code  Lc  sm_mgr.o [8]


[1] = E:\5_Working_FIOT\F2_MotionBand\MotionBand\ble_sdk_2_02_01_18\examples\cc2650stk\MotionBand\iar\stack\FlashROM\Obj
[2] = E:\5_Working_FIOT\F2_MotionBand\MotionBand\ble_sdk_2_02_01_18\src\rom\ble_rom_releases\04242014
[3] = command line
[4] = cc2640_ctrl_pxxx.a
[5] = cc26xx_hci_tl_none.a
[6] = dl7M_tln.a
[7] = driverlib.lib
[8] = host_pxxx.a
[9] = rt7M_tl.a

  57 166 bytes of readonly  code memory
   4 653 bytes of readonly  data memory
   1 436 bytes of readwrite data memory

Errors: none
Warnings: none
